2026-06-12 22:03:34.963 INFO  — [NETWORK] Step 1 — Key Exchange...
2026-06-12 22:03:34.964 INFO  — [KEY-EXCHANGE] Starting — ZMK{{KEK}} + ZPK{{ZMK}} + ZAK{{ZMK}}
2026-06-12 22:03:34.966 INFO  — [KEY-EXCHANGE] Step 1/3 — ZMK{{KEK}}...
2026-06-12 22:03:35.023 INFO  — [KEY-EXCHANGE] Sending 0820 FC=101 KCV=937D29 to 127.0.0.1:8200
2026-06-12 22:03:35.030 WARN  — [NETWORK] Startup failed : error packing field 53
2026-06-12 22:04:52.936 INFO  — [NETWORK] Stopped
2026-06-12 22:05:19.304 INFO  — [NETWORK] Step 1 — Key Exchange...
2026-06-12 22:05:19.305 INFO  — [KEY-EXCHANGE] Starting — ZMK{{KEK}} + ZPK{{ZMK}} + ZAK{{ZMK}}
2026-06-12 22:05:19.306 INFO  — [KEY-EXCHANGE] Step 1/3 — ZMK{{KEK}}...
2026-06-12 22:05:19.336 INFO  — [KEY-EXCHANGE] Sending 0820 FC=101 KCV=F6AF8B to 127.0.0.1:8200
2026-06-12 22:05:19.346 INFO  — [KEY-EXCHANGE] 0830 received — FC=101 DE39=00
2026-06-12 22:05:19.346 INFO  — [KEY-EXCHANGE] ZMK accepted — KCV=F6AF8B
2026-06-12 22:05:19.347 INFO  — [KEY-EXCHANGE] Step 2/3 — ZPK{{ZMK}}...
2026-06-12 22:05:19.348 INFO  — [KEY-EXCHANGE] Sending 0820 FC=102 KCV=9F4214 to 127.0.0.1:8200
2026-06-12 22:05:19.352 INFO  — [KEY-EXCHANGE] 0830 received — FC=102 DE39=00
2026-06-12 22:05:19.353 INFO  — [KEY-EXCHANGE] ZPK accepted — KCV=9F4214
2026-06-12 22:05:19.353 INFO  — [KEY-EXCHANGE] Step 3/3 — ZAK{{ZMK}}...
2026-06-12 22:05:19.354 INFO  — [KEY-EXCHANGE] Sending 0820 FC=103 KCV=39A3A8 to 127.0.0.1:8200
2026-06-12 22:05:19.358 INFO  — [KEY-EXCHANGE] 0830 received — FC=103 DE39=00
2026-06-12 22:05:19.358 INFO  — [KEY-EXCHANGE] ZAK accepted — KCV=39A3A8
2026-06-12 22:05:19.360 INFO  — [KEY-EXCHANGE] Completed — ZMK=F6AF8B ZPK=9F4214 ZAK=39A3A8
2026-06-12 22:05:19.360 INFO  — [NETWORK] Key Exchange OK — ZMK=F6AF8B ZPK=9F4214 ZAK=39A3A8
2026-06-12 22:05:19.360 INFO  — [NETWORK] Step 2 — Sign-on...
2026-06-12 22:05:19.360 INFO  — [NETWORK] Sending 0800 Sign-on — STAN=770282
2026-06-12 22:05:19.363 INFO  — [NETWORK] 0810 Sign-on Response — DE39=00
2026-06-12 22:05:19.363 INFO  — [NETWORK] Sign-on OK — session established
2026-06-12 22:05:19.364 INFO  — [NETWORK] Heartbeat started — interval 60s
2026-06-12 22:05:54.533 INFO  — [NETWORK] Stopped
2026-06-12 22:06:02.933 INFO  — [NETWORK] Step 1 — Key Exchange...
2026-06-12 22:06:02.933 INFO  — [KEY-EXCHANGE] Starting — ZMK{{KEK}} + ZPK{{ZMK}} + ZAK{{ZMK}}
2026-06-12 22:06:02.934 INFO  — [KEY-EXCHANGE] Step 1/3 — ZMK{{KEK}}...
2026-06-12 22:06:02.960 INFO  — [KEY-EXCHANGE] Sending 0820 FC=101 KCV=30FFDF to 127.0.0.1:8200
2026-06-12 22:06:02.971 INFO  — [KEY-EXCHANGE] 0830 received — FC=101 DE39=00
2026-06-12 22:06:02.972 INFO  — [KEY-EXCHANGE] ZMK accepted — KCV=30FFDF
2026-06-12 22:06:02.973 INFO  — [KEY-EXCHANGE] Step 2/3 — ZPK{{ZMK}}...
2026-06-12 22:06:02.975 INFO  — [KEY-EXCHANGE] Sending 0820 FC=102 KCV=F3CB54 to 127.0.0.1:8200
2026-06-12 22:06:02.979 INFO  — [KEY-EXCHANGE] 0830 received — FC=102 DE39=00
2026-06-12 22:06:02.979 INFO  — [KEY-EXCHANGE] ZPK accepted — KCV=F3CB54
2026-06-12 22:06:02.979 INFO  — [KEY-EXCHANGE] Step 3/3 — ZAK{{ZMK}}...
2026-06-12 22:06:02.981 INFO  — [KEY-EXCHANGE] Sending 0820 FC=103 KCV=8014B1 to 127.0.0.1:8200
2026-06-12 22:06:02.985 INFO  — [KEY-EXCHANGE] 0830 received — FC=103 DE39=00
2026-06-12 22:06:02.985 INFO  — [KEY-EXCHANGE] ZAK accepted — KCV=8014B1
2026-06-12 22:06:02.987 INFO  — [KEY-EXCHANGE] Completed — ZMK=30FFDF ZPK=F3CB54 ZAK=8014B1
2026-06-12 22:06:02.987 INFO  — [NETWORK] Key Exchange OK — ZMK=30FFDF ZPK=F3CB54 ZAK=8014B1
2026-06-12 22:06:02.987 INFO  — [NETWORK] Step 2 — Sign-on...
2026-06-12 22:06:02.988 INFO  — [NETWORK] Sending 0800 Sign-on — STAN=430475
2026-06-12 22:06:02.992 INFO  — [NETWORK] 0810 Sign-on Response — DE39=00
2026-06-12 22:06:02.992 INFO  — [NETWORK] Sign-on OK — session established
2026-06-12 22:06:02.993 INFO  — [NETWORK] Heartbeat started — interval 60s
2026-06-12 22:07:02.995 DEBUG — [NETWORK] Sending 0800 Echo — STAN=368121
2026-06-12 22:07:02.997 INFO  — [NETWORK] 0810 Echo Response — DE39=00
2026-06-12 22:08:02.995 DEBUG — [NETWORK] Sending 0800 Echo — STAN=329061
2026-06-12 22:08:02.999 INFO  — [NETWORK] 0810 Echo Response — DE39=00
2026-06-12 22:09:02.995 DEBUG — [NETWORK] Sending 0800 Echo — STAN=464645
2026-06-12 22:09:03.010 INFO  — [NETWORK] 0810 Echo Response — DE39=00
2026-06-12 22:09:11.600 INFO  — [NETWORK] Stopped
2026-06-12 22:09:45.538 INFO  — [NETWORK] Step 1 — Key Exchange...
2026-06-12 22:09:45.540 INFO  — [KEY-EXCHANGE] Starting — ZMK{{KEK}} + ZPK{{ZMK}} + ZAK{{ZMK}}
2026-06-12 22:09:45.540 INFO  — [KEY-EXCHANGE] Step 1/3 — ZMK{{KEK}}...
2026-06-12 22:09:45.588 INFO  — [KEY-EXCHANGE] Sending 0820 FC=101 KCV=8BA8A4 to 127.0.0.1:8200
2026-06-12 22:09:45.597 INFO  — [KEY-EXCHANGE] 0830 received — FC=101 DE39=00
2026-06-12 22:09:45.598 INFO  — [KEY-EXCHANGE] ZMK accepted — KCV=8BA8A4
2026-06-12 22:09:45.598 INFO  — [KEY-EXCHANGE] Step 2/3 — ZPK{{ZMK}}...
2026-06-12 22:09:45.600 INFO  — [KEY-EXCHANGE] Sending 0820 FC=102 KCV=9218A4 to 127.0.0.1:8200
2026-06-12 22:09:45.604 INFO  — [KEY-EXCHANGE] 0830 received — FC=102 DE39=00
2026-06-12 22:09:45.604 INFO  — [KEY-EXCHANGE] ZPK accepted — KCV=9218A4
2026-06-12 22:09:45.604 INFO  — [KEY-EXCHANGE] Step 3/3 — ZAK{{ZMK}}...
2026-06-12 22:09:45.606 INFO  — [KEY-EXCHANGE] Sending 0820 FC=103 KCV=1BC115 to 127.0.0.1:8200
2026-06-12 22:09:45.609 INFO  — [KEY-EXCHANGE] 0830 received — FC=103 DE39=00
2026-06-12 22:09:45.610 INFO  — [KEY-EXCHANGE] ZAK accepted — KCV=1BC115
2026-06-12 22:09:45.611 INFO  — [KEY-EXCHANGE] Completed — ZMK=8BA8A4 ZPK=9218A4 ZAK=1BC115
2026-06-12 22:09:45.611 INFO  — [NETWORK] Key Exchange OK — ZMK=8BA8A4 ZPK=9218A4 ZAK=1BC115
2026-06-12 22:09:45.611 INFO  — [NETWORK] Step 2 — Sign-on...
2026-06-12 22:09:45.612 INFO  — [NETWORK] Sending 0800 Sign-on — STAN=171632
2026-06-12 22:09:45.614 INFO  — [NETWORK] 0810 Sign-on Response — DE39=00
2026-06-12 22:09:45.614 INFO  — [NETWORK] Sign-on OK — session established
2026-06-12 22:09:45.616 INFO  — [NETWORK] Heartbeat started — interval 60s
2026-06-12 22:10:45.618 DEBUG — [NETWORK] Sending 0800 Echo — STAN=448498
2026-06-12 22:10:45.630 INFO  — [NETWORK] 0810 Echo Response — DE39=00
