2026-06-12 21:55:36.028 [main] INFO  c.s.sg.ScenarioGeneratorApplication — Starting ScenarioGeneratorApplication using Java 26.0.1 with PID 4112 (D:\MoneyCore\ScenarioGenerator\target\classes started by Admin in D:\MoneyCore\ScenarioGenerator)
2026-06-12 21:55:36.032 [main] INFO  c.s.sg.ScenarioGeneratorApplication — No active profile set, falling back to 1 default profile: "default"
2026-06-12 21:55:37.750 [main] INFO  o.s.b.w.e.tomcat.TomcatWebServer — Tomcat initialized with port 8080 (http)
2026-06-12 21:55:37.764 [main] INFO  o.a.coyote.http11.Http11NioProtocol — Initializing ProtocolHandler ["http-nio-8080"]
2026-06-12 21:55:37.768 [main] INFO  o.a.catalina.core.StandardService — Starting service [Tomcat]
2026-06-12 21:55:37.768 [main] INFO  o.a.catalina.core.StandardEngine — Starting Servlet engine: [Apache Tomcat/10.1.20]
2026-06-12 21:55:37.857 [main] INFO  o.a.c.c.C.[Tomcat].[localhost].[/] — Initializing Spring embedded WebApplicationContext
2026-06-12 21:55:37.858 [main] INFO  o.s.b.w.s.c.ServletWebServerApplicationContext — Root WebApplicationContext: initialization completed in 1747 ms
2026-06-12 21:55:38.126 [main] WARN  o.s.b.w.s.c.AnnotationConfigServletWebServerApplicationContext — Exception encountered during context initialization - cancelling refresh attempt: org.springframework.beans.factory.UnsatisfiedDependencyException: Error creating bean with name 'mcKeyExchangeManager' defined in file [D:\MoneyCore\ScenarioGenerator\target\classes\com\staging\sg\acquirer\McKeyExchangeManager.class]: Unsatisfied dependency expressed through constructor parameter 1: Error creating bean with name 'networkUtil' defined in file [D:\MoneyCore\ScenarioGenerator\target\classes\com\staging\sg\iso\NetworkUtil.class]: Unsatisfied dependency expressed through constructor parameter 0: Error creating bean with name 'mcPackager' defined in file [D:\MoneyCore\ScenarioGenerator\target\classes\com\staging\sg\iso\McPackager.class]: Failed to instantiate [com.staging.sg.iso.McPackager]: Constructor threw exception
2026-06-12 21:55:38.130 [main] INFO  o.a.catalina.core.StandardService — Stopping service [Tomcat]
2026-06-12 21:55:38.153 [main] INFO  o.s.b.a.l.ConditionEvaluationReportLogger — 

Error starting ApplicationContext. To display the condition evaluation report re-run your application with 'debug' enabled.
2026-06-12 21:55:38.176 [main] ERROR o.s.boot.SpringApplication — Application run failed
org.springframework.beans.factory.UnsatisfiedDependencyException: Error creating bean with name 'mcKeyExchangeManager' defined in file [D:\MoneyCore\ScenarioGenerator\target\classes\com\staging\sg\acquirer\McKeyExchangeManager.class]: Unsatisfied dependency expressed through constructor parameter 1: Error creating bean with name 'networkUtil' defined in file [D:\MoneyCore\ScenarioGenerator\target\classes\com\staging\sg\iso\NetworkUtil.class]: Unsatisfied dependency expressed through constructor parameter 0: Error creating bean with name 'mcPackager' defined in file [D:\MoneyCore\ScenarioGenerator\target\classes\com\staging\sg\iso\McPackager.class]: Failed to instantiate [com.staging.sg.iso.McPackager]: Constructor threw exception
	at org.springframework.beans.factory.support.ConstructorResolver.createArgumentArray(ConstructorResolver.java:795)
	at org.springframework.beans.factory.support.ConstructorResolver.autowireConstructor(ConstructorResolver.java:237)
	at org.springframework.beans.factory.support.AbstractAutowireCapableBeanFactory.autowireConstructor(AbstractAutowireCapableBeanFactory.java:1355)
	at org.springframework.beans.factory.support.AbstractAutowireCapableBeanFactory.createBeanInstance(AbstractAutowireCapableBeanFactory.java:1192)
	at org.springframework.beans.factory.support.AbstractAutowireCapableBeanFactory.doCreateBean(AbstractAutowireCapableBeanFactory.java:562)
	at org.springframework.beans.factory.support.AbstractAutowireCapableBeanFactory.createBean(AbstractAutowireCapableBeanFactory.java:522)
	at org.springframework.beans.factory.support.AbstractBeanFactory.lambda$doGetBean$0(AbstractBeanFactory.java:326)
	at org.springframework.beans.factory.support.DefaultSingletonBeanRegistry.getSingleton(DefaultSingletonBeanRegistry.java:234)
	at org.springframework.beans.factory.support.AbstractBeanFactory.doGetBean(AbstractBeanFactory.java:324)
	at org.springframework.beans.factory.support.AbstractBeanFactory.getBean(AbstractBeanFactory.java:200)
	at org.springframework.beans.factory.support.DefaultListableBeanFactory.preInstantiateSingletons(DefaultListableBeanFactory.java:975)
	at org.springframework.context.support.AbstractApplicationContext.finishBeanFactoryInitialization(AbstractApplicationContext.java:962)
	at org.springframework.context.support.AbstractApplicationContext.refresh(AbstractApplicationContext.java:624)
	at org.springframework.boot.web.servlet.context.ServletWebServerApplicationContext.refresh(ServletWebServerApplicationContext.java:146)
	at org.springframework.boot.SpringApplication.refresh(SpringApplication.java:754)
	at org.springframework.boot.SpringApplication.refreshContext(SpringApplication.java:456)
	at org.springframework.boot.SpringApplication.run(SpringApplication.java:334)
	at org.springframework.boot.SpringApplication.run(SpringApplication.java:1354)
	at org.springframework.boot.SpringApplication.run(SpringApplication.java:1343)
	at com.staging.sg.ScenarioGeneratorApplication.main(ScenarioGeneratorApplication.java:16)
Caused by: org.springframework.beans.factory.UnsatisfiedDependencyException: Error creating bean with name 'networkUtil' defined in file [D:\MoneyCore\ScenarioGenerator\target\classes\com\staging\sg\iso\NetworkUtil.class]: Unsatisfied dependency expressed through constructor parameter 0: Error creating bean with name 'mcPackager' defined in file [D:\MoneyCore\ScenarioGenerator\target\classes\com\staging\sg\iso\McPackager.class]: Failed to instantiate [com.staging.sg.iso.McPackager]: Constructor threw exception
	at org.springframework.beans.factory.support.ConstructorResolver.createArgumentArray(ConstructorResolver.java:795)
	at org.springframework.beans.factory.support.ConstructorResolver.autowireConstructor(ConstructorResolver.java:237)
	at org.springframework.beans.factory.support.AbstractAutowireCapableBeanFactory.autowireConstructor(AbstractAutowireCapableBeanFactory.java:1355)
	at org.springframework.beans.factory.support.AbstractAutowireCapableBeanFactory.createBeanInstance(AbstractAutowireCapableBeanFactory.java:1192)
	at org.springframework.beans.factory.support.AbstractAutowireCapableBeanFactory.doCreateBean(AbstractAutowireCapableBeanFactory.java:562)
	at org.springframework.beans.factory.support.AbstractAutowireCapableBeanFactory.createBean(AbstractAutowireCapableBeanFactory.java:522)
	at org.springframework.beans.factory.support.AbstractBeanFactory.lambda$doGetBean$0(AbstractBeanFactory.java:326)
	at org.springframework.beans.factory.support.DefaultSingletonBeanRegistry.getSingleton(DefaultSingletonBeanRegistry.java:234)
	at org.springframework.beans.factory.support.AbstractBeanFactory.doGetBean(AbstractBeanFactory.java:324)
	at org.springframework.beans.factory.support.AbstractBeanFactory.getBean(AbstractBeanFactory.java:200)
	at org.springframework.beans.factory.config.DependencyDescriptor.resolveCandidate(DependencyDescriptor.java:254)
	at org.springframework.beans.factory.support.DefaultListableBeanFactory.doResolveDependency(DefaultListableBeanFactory.java:1443)
	at org.springframework.beans.factory.support.DefaultListableBeanFactory.resolveDependency(DefaultListableBeanFactory.java:1353)
	at org.springframework.beans.factory.support.ConstructorResolver.resolveAutowiredArgument(ConstructorResolver.java:904)
	at org.springframework.beans.factory.support.ConstructorResolver.createArgumentArray(ConstructorResolver.java:782)
	... 19 common frames omitted
Caused by: org.springframework.beans.factory.BeanCreationException: Error creating bean with name 'mcPackager' defined in file [D:\MoneyCore\ScenarioGenerator\target\classes\com\staging\sg\iso\McPackager.class]: Failed to instantiate [com.staging.sg.iso.McPackager]: Constructor threw exception
	at org.springframework.beans.factory.support.AbstractAutowireCapableBeanFactory.instantiateBean(AbstractAutowireCapableBeanFactory.java:1317)
	at org.springframework.beans.factory.support.AbstractAutowireCapableBeanFactory.createBeanInstance(AbstractAutowireCapableBeanFactory.java:1202)
	at org.springframework.beans.factory.support.AbstractAutowireCapableBeanFactory.doCreateBean(AbstractAutowireCapableBeanFactory.java:562)
	at org.springframework.beans.factory.support.AbstractAutowireCapableBeanFactory.createBean(AbstractAutowireCapableBeanFactory.java:522)
	at org.springframework.beans.factory.support.AbstractBeanFactory.lambda$doGetBean$0(AbstractBeanFactory.java:326)
	at org.springframework.beans.factory.support.DefaultSingletonBeanRegistry.getSingleton(DefaultSingletonBeanRegistry.java:234)
	at org.springframework.beans.factory.support.AbstractBeanFactory.doGetBean(AbstractBeanFactory.java:324)
	at org.springframework.beans.factory.support.AbstractBeanFactory.getBean(AbstractBeanFactory.java:200)
	at org.springframework.beans.factory.config.DependencyDescriptor.resolveCandidate(DependencyDescriptor.java:254)
	at org.springframework.beans.factory.support.DefaultListableBeanFactory.doResolveDependency(DefaultListableBeanFactory.java:1443)
	at org.springframework.beans.factory.support.DefaultListableBeanFactory.resolveDependency(DefaultListableBeanFactory.java:1353)
	at org.springframework.beans.factory.support.ConstructorResolver.resolveAutowiredArgument(ConstructorResolver.java:904)
	at org.springframework.beans.factory.support.ConstructorResolver.createArgumentArray(ConstructorResolver.java:782)
	... 33 common frames omitted
Caused by: org.springframework.beans.BeanInstantiationException: Failed to instantiate [com.staging.sg.iso.McPackager]: Constructor threw exception
	at org.springframework.beans.BeanUtils.instantiateClass(BeanUtils.java:221)
	at org.springframework.beans.factory.support.SimpleInstantiationStrategy.instantiate(SimpleInstantiationStrategy.java:88)
	at org.springframework.beans.factory.support.AbstractAutowireCapableBeanFactory.instantiateBean(AbstractAutowireCapableBeanFactory.java:1311)
	... 45 common frames omitted
Caused by: java.lang.ArrayIndexOutOfBoundsException: Index 128 out of bounds for length 128
	at com.staging.sg.iso.McPackager.buildFields(McPackager.java:92)
	at com.staging.sg.iso.McPackager.<init>(McPackager.java:15)
	at java.base/jdk.internal.reflect.DirectConstructorHandleAccessor.newInstance(DirectConstructorHandleAccessor.java:62)
	at java.base/java.lang.reflect.Constructor.newInstanceWithCaller(Constructor.java:499)
	at java.base/java.lang.reflect.Constructor.newInstance(Constructor.java:483)
	at org.springframework.beans.BeanUtils.instantiateClass(BeanUtils.java:195)
	... 47 common frames omitted
2026-06-12 22:03:31.218 [main] INFO  c.s.sg.ScenarioGeneratorApplication — Starting ScenarioGeneratorApplication using Java 26.0.1 with PID 21548 (D:\MoneyCore\ScenarioGenerator\target\classes started by Admin in D:\MoneyCore\ScenarioGenerator)
2026-06-12 22:03:31.222 [main] INFO  c.s.sg.ScenarioGeneratorApplication — No active profile set, falling back to 1 default profile: "default"
2026-06-12 22:03:32.659 [main] INFO  o.s.b.w.e.tomcat.TomcatWebServer — Tomcat initialized with port 8080 (http)
2026-06-12 22:03:32.672 [main] INFO  o.a.coyote.http11.Http11NioProtocol — Initializing ProtocolHandler ["http-nio-8080"]
2026-06-12 22:03:32.675 [main] INFO  o.a.catalina.core.StandardService — Starting service [Tomcat]
2026-06-12 22:03:32.676 [main] INFO  o.a.catalina.core.StandardEngine — Starting Servlet engine: [Apache Tomcat/10.1.20]
2026-06-12 22:03:32.743 [main] INFO  o.a.c.c.C.[Tomcat].[localhost].[/] — Initializing Spring embedded WebApplicationContext
2026-06-12 22:03:32.744 [main] INFO  o.s.b.w.s.c.ServletWebServerApplicationContext — Root WebApplicationContext: initialization completed in 1450 ms
2026-06-12 22:03:33.378 [main] INFO  o.s.b.a.e.web.EndpointLinksResolver — Exposing 2 endpoint(s) beneath base path '/actuator'
2026-06-12 22:03:33.422 [main] INFO  o.a.coyote.http11.Http11NioProtocol — Starting ProtocolHandler ["http-nio-8080"]
2026-06-12 22:03:33.450 [main] INFO  o.s.b.w.e.tomcat.TomcatWebServer — Tomcat started on port 8080 (http) with context path ''
2026-06-12 22:03:33.464 [main] INFO  c.s.sg.ScenarioGeneratorApplication — Started ScenarioGeneratorApplication in 3.092 seconds (process running for 3.697)
2026-06-12 22:03:33.639 [main] INFO  c.s.sg.ScenarioGeneratorApplication — ================================================
2026-06-12 22:03:33.639 [main] INFO  c.s.sg.ScenarioGeneratorApplication —   ScenarioGenerator — started successfully
2026-06-12 22:03:33.639 [main] INFO  c.s.sg.ScenarioGeneratorApplication —   API    : http://localhost:8080/api/status
2026-06-12 22:03:33.639 [main] INFO  c.s.sg.ScenarioGeneratorApplication —   Issuer : port 8200
2026-06-12 22:03:33.639 [main] INFO  c.s.sg.ScenarioGeneratorApplication — ================================================
2026-06-12 22:03:34.966 [mc-network-manager] INFO  com.staging.sg.hsm.ThalesHsmService — [HSM] Generating ZMK...
2026-06-12 22:03:35.020 [mc-network-manager] INFO  com.staging.sg.hsm.ThalesHsmService — [HSM] ZMK generated — KCV=937D29
2026-06-12 22:05:15.634 [main] INFO  c.s.sg.ScenarioGeneratorApplication — Starting ScenarioGeneratorApplication using Java 26.0.1 with PID 5928 (D:\MoneyCore\ScenarioGenerator\target\classes started by Admin in D:\MoneyCore\ScenarioGenerator)
2026-06-12 22:05:15.636 [main] INFO  c.s.sg.ScenarioGeneratorApplication — No active profile set, falling back to 1 default profile: "default"
2026-06-12 22:05:16.978 [main] INFO  o.s.b.w.e.tomcat.TomcatWebServer — Tomcat initialized with port 8080 (http)
2026-06-12 22:05:16.999 [main] INFO  o.a.coyote.http11.Http11NioProtocol — Initializing ProtocolHandler ["http-nio-8080"]
2026-06-12 22:05:17.002 [main] INFO  o.a.catalina.core.StandardService — Starting service [Tomcat]
2026-06-12 22:05:17.002 [main] INFO  o.a.catalina.core.StandardEngine — Starting Servlet engine: [Apache Tomcat/10.1.20]
2026-06-12 22:05:17.083 [main] INFO  o.a.c.c.C.[Tomcat].[localhost].[/] — Initializing Spring embedded WebApplicationContext
2026-06-12 22:05:17.083 [main] INFO  o.s.b.w.s.c.ServletWebServerApplicationContext — Root WebApplicationContext: initialization completed in 1390 ms
2026-06-12 22:05:17.692 [main] INFO  o.s.b.a.e.web.EndpointLinksResolver — Exposing 2 endpoint(s) beneath base path '/actuator'
2026-06-12 22:05:17.729 [main] INFO  o.a.coyote.http11.Http11NioProtocol — Starting ProtocolHandler ["http-nio-8080"]
2026-06-12 22:05:17.748 [main] INFO  o.s.b.w.e.tomcat.TomcatWebServer — Tomcat started on port 8080 (http) with context path ''
2026-06-12 22:05:17.760 [main] INFO  c.s.sg.ScenarioGeneratorApplication — Started ScenarioGeneratorApplication in 2.871 seconds (process running for 3.491)
2026-06-12 22:05:17.835 [main] INFO  c.s.sg.ScenarioGeneratorApplication — ================================================
2026-06-12 22:05:17.836 [main] INFO  c.s.sg.ScenarioGeneratorApplication —   ScenarioGenerator — started successfully
2026-06-12 22:05:17.836 [main] INFO  c.s.sg.ScenarioGeneratorApplication —   API    : http://localhost:8080/api/status
2026-06-12 22:05:17.836 [main] INFO  c.s.sg.ScenarioGeneratorApplication —   Issuer : port 8200
2026-06-12 22:05:17.836 [main] INFO  c.s.sg.ScenarioGeneratorApplication — ================================================
2026-06-12 22:05:19.308 [mc-network-manager] INFO  com.staging.sg.hsm.ThalesHsmService — [HSM] Generating ZMK...
2026-06-12 22:05:19.332 [mc-network-manager] INFO  com.staging.sg.hsm.ThalesHsmService — [HSM] ZMK generated — KCV=F6AF8B
2026-06-12 22:05:19.344 [mc-issuer-client-1] INFO  com.staging.sg.hsm.ThalesHsmService — [HSM] Session keys loaded — ZMK KCV=F6AF8B ZPK KCV=null ZAK KCV=null
2026-06-12 22:05:19.347 [mc-network-manager] INFO  com.staging.sg.hsm.ThalesHsmService — [HSM] Generating ZPK under ZMK...
2026-06-12 22:05:19.347 [mc-network-manager] INFO  com.staging.sg.hsm.ThalesHsmService — [HSM] ZPK generated — KCV=9F4214
2026-06-12 22:05:19.351 [mc-issuer-client-2] INFO  com.staging.sg.hsm.ThalesHsmService — [HSM] Session keys loaded — ZMK KCV=F6AF8B ZPK KCV=9F4214 ZAK KCV=null
2026-06-12 22:05:19.353 [mc-network-manager] INFO  com.staging.sg.hsm.ThalesHsmService — [HSM] Generating ZAK under ZMK...
2026-06-12 22:05:19.354 [mc-network-manager] INFO  com.staging.sg.hsm.ThalesHsmService — [HSM] ZAK generated — KCV=39A3A8
2026-06-12 22:05:19.357 [mc-issuer-client-3] INFO  com.staging.sg.hsm.ThalesHsmService — [HSM] Session keys loaded — ZMK KCV=F6AF8B ZPK KCV=9F4214 ZAK KCV=39A3A8
2026-06-12 22:05:19.360 [mc-network-manager] INFO  com.staging.sg.hsm.ThalesHsmService — [HSM] Session keys loaded — ZMK KCV=F6AF8B ZPK KCV=9F4214 ZAK KCV=39A3A8
2026-06-12 22:05:59.157 [main] INFO  c.s.sg.ScenarioGeneratorApplication — Starting ScenarioGeneratorApplication using Java 26.0.1 with PID 11568 (D:\MoneyCore\ScenarioGenerator\target\classes started by Admin in D:\MoneyCore\ScenarioGenerator)
2026-06-12 22:05:59.159 [main] INFO  c.s.sg.ScenarioGeneratorApplication — No active profile set, falling back to 1 default profile: "default"
2026-06-12 22:06:00.663 [main] INFO  o.s.b.w.e.tomcat.TomcatWebServer — Tomcat initialized with port 8080 (http)
2026-06-12 22:06:00.674 [main] INFO  o.a.coyote.http11.Http11NioProtocol — Initializing ProtocolHandler ["http-nio-8080"]
2026-06-12 22:06:00.676 [main] INFO  o.a.catalina.core.StandardService — Starting service [Tomcat]
2026-06-12 22:06:00.676 [main] INFO  o.a.catalina.core.StandardEngine — Starting Servlet engine: [Apache Tomcat/10.1.20]
2026-06-12 22:06:00.738 [main] INFO  o.a.c.c.C.[Tomcat].[localhost].[/] — Initializing Spring embedded WebApplicationContext
2026-06-12 22:06:00.738 [main] INFO  o.s.b.w.s.c.ServletWebServerApplicationContext — Root WebApplicationContext: initialization completed in 1518 ms
2026-06-12 22:06:01.437 [main] INFO  o.s.b.a.e.web.EndpointLinksResolver — Exposing 2 endpoint(s) beneath base path '/actuator'
2026-06-12 22:06:01.488 [main] INFO  o.a.coyote.http11.Http11NioProtocol — Starting ProtocolHandler ["http-nio-8080"]
2026-06-12 22:06:01.520 [main] INFO  o.s.b.w.e.tomcat.TomcatWebServer — Tomcat started on port 8080 (http) with context path ''
2026-06-12 22:06:01.537 [main] INFO  c.s.sg.ScenarioGeneratorApplication — Started ScenarioGeneratorApplication in 3.234 seconds (process running for 3.882)
2026-06-12 22:06:01.634 [main] INFO  c.s.sg.ScenarioGeneratorApplication — ================================================
2026-06-12 22:06:01.635 [main] INFO  c.s.sg.ScenarioGeneratorApplication —   ScenarioGenerator — started successfully
2026-06-12 22:06:01.635 [main] INFO  c.s.sg.ScenarioGeneratorApplication —   API    : http://localhost:8080/api/status
2026-06-12 22:06:01.635 [main] INFO  c.s.sg.ScenarioGeneratorApplication —   Issuer : port 8200
2026-06-12 22:06:01.635 [main] INFO  c.s.sg.ScenarioGeneratorApplication — ================================================
2026-06-12 22:06:02.935 [mc-network-manager] INFO  com.staging.sg.hsm.ThalesHsmService — [HSM] Generating ZMK...
2026-06-12 22:06:02.955 [mc-network-manager] INFO  com.staging.sg.hsm.ThalesHsmService — [HSM] ZMK generated — KCV=30FFDF
2026-06-12 22:06:02.969 [mc-issuer-client-1] INFO  com.staging.sg.hsm.ThalesHsmService — [HSM] Session keys loaded — ZMK KCV=30FFDF ZPK KCV=null ZAK KCV=null
2026-06-12 22:06:02.973 [mc-network-manager] INFO  com.staging.sg.hsm.ThalesHsmService — [HSM] Generating ZPK under ZMK...
2026-06-12 22:06:02.974 [mc-network-manager] INFO  com.staging.sg.hsm.ThalesHsmService — [HSM] ZPK generated — KCV=F3CB54
2026-06-12 22:06:02.978 [mc-issuer-client-2] INFO  com.staging.sg.hsm.ThalesHsmService — [HSM] Session keys loaded — ZMK KCV=30FFDF ZPK KCV=F3CB54 ZAK KCV=null
2026-06-12 22:06:02.979 [mc-network-manager] INFO  com.staging.sg.hsm.ThalesHsmService — [HSM] Generating ZAK under ZMK...
2026-06-12 22:06:02.981 [mc-network-manager] INFO  com.staging.sg.hsm.ThalesHsmService — [HSM] ZAK generated — KCV=8014B1
2026-06-12 22:06:02.984 [mc-issuer-client-3] INFO  com.staging.sg.hsm.ThalesHsmService — [HSM] Session keys loaded — ZMK KCV=30FFDF ZPK KCV=F3CB54 ZAK KCV=8014B1
2026-06-12 22:06:02.987 [mc-network-manager] INFO  com.staging.sg.hsm.ThalesHsmService — [HSM] Session keys loaded — ZMK KCV=30FFDF ZPK KCV=F3CB54 ZAK KCV=8014B1
2026-06-12 22:09:41.276 [main] INFO  c.s.sg.ScenarioGeneratorApplication — Starting ScenarioGeneratorApplication using Java 26.0.1 with PID 7464 (D:\MoneyCore\ScenarioGenerator\target\classes started by Admin in D:\MoneyCore\ScenarioGenerator)
2026-06-12 22:09:41.278 [main] INFO  c.s.sg.ScenarioGeneratorApplication — No active profile set, falling back to 1 default profile: "default"
2026-06-12 22:09:43.151 [main] INFO  o.s.b.w.e.tomcat.TomcatWebServer — Tomcat initialized with port 8080 (http)
2026-06-12 22:09:43.166 [main] INFO  o.a.coyote.http11.Http11NioProtocol — Initializing ProtocolHandler ["http-nio-8080"]
2026-06-12 22:09:43.167 [main] INFO  o.a.catalina.core.StandardService — Starting service [Tomcat]
2026-06-12 22:09:43.168 [main] INFO  o.a.catalina.core.StandardEngine — Starting Servlet engine: [Apache Tomcat/10.1.20]
2026-06-12 22:09:43.235 [main] INFO  o.a.c.c.C.[Tomcat].[localhost].[/] — Initializing Spring embedded WebApplicationContext
2026-06-12 22:09:43.236 [main] INFO  o.s.b.w.s.c.ServletWebServerApplicationContext — Root WebApplicationContext: initialization completed in 1838 ms
2026-06-12 22:09:44.016 [main] INFO  o.s.b.a.e.web.EndpointLinksResolver — Exposing 2 endpoint(s) beneath base path '/actuator'
2026-06-12 22:09:44.061 [main] INFO  o.a.coyote.http11.Http11NioProtocol — Starting ProtocolHandler ["http-nio-8080"]
2026-06-12 22:09:44.078 [main] INFO  o.s.b.w.e.tomcat.TomcatWebServer — Tomcat started on port 8080 (http) with context path ''
2026-06-12 22:09:44.090 [main] INFO  c.s.sg.ScenarioGeneratorApplication — Started ScenarioGeneratorApplication in 3.581 seconds (process running for 4.147)
2026-06-12 22:09:44.178 [main] INFO  c.s.sg.ScenarioGeneratorApplication — ================================================
2026-06-12 22:09:44.178 [main] INFO  c.s.sg.ScenarioGeneratorApplication —   ScenarioGenerator — started successfully
2026-06-12 22:09:44.178 [main] INFO  c.s.sg.ScenarioGeneratorApplication —   API    : http://localhost:8080/api/status
2026-06-12 22:09:44.179 [main] INFO  c.s.sg.ScenarioGeneratorApplication —   Issuer : port 8200
2026-06-12 22:09:44.179 [main] INFO  c.s.sg.ScenarioGeneratorApplication — ================================================
2026-06-12 22:09:45.541 [mc-network-manager] INFO  com.staging.sg.hsm.ThalesHsmService — [HSM] Generating ZMK...
2026-06-12 22:09:45.585 [mc-network-manager] INFO  com.staging.sg.hsm.ThalesHsmService — [HSM] ZMK generated — KCV=8BA8A4
2026-06-12 22:09:45.596 [mc-issuer-client-1] INFO  com.staging.sg.hsm.ThalesHsmService — [HSM] Session keys loaded — ZMK KCV=8BA8A4 ZPK KCV=null ZAK KCV=null
2026-06-12 22:09:45.599 [mc-network-manager] INFO  com.staging.sg.hsm.ThalesHsmService — [HSM] Generating ZPK under ZMK...
2026-06-12 22:09:45.599 [mc-network-manager] INFO  com.staging.sg.hsm.ThalesHsmService — [HSM] ZPK generated — KCV=9218A4
2026-06-12 22:09:45.603 [mc-issuer-client-2] INFO  com.staging.sg.hsm.ThalesHsmService — [HSM] Session keys loaded — ZMK KCV=8BA8A4 ZPK KCV=9218A4 ZAK KCV=null
2026-06-12 22:09:45.604 [mc-network-manager] INFO  com.staging.sg.hsm.ThalesHsmService — [HSM] Generating ZAK under ZMK...
2026-06-12 22:09:45.605 [mc-network-manager] INFO  com.staging.sg.hsm.ThalesHsmService — [HSM] ZAK generated — KCV=1BC115
2026-06-12 22:09:45.609 [mc-issuer-client-3] INFO  com.staging.sg.hsm.ThalesHsmService — [HSM] Session keys loaded — ZMK KCV=8BA8A4 ZPK KCV=9218A4 ZAK KCV=1BC115
2026-06-12 22:09:45.611 [mc-network-manager] INFO  com.staging.sg.hsm.ThalesHsmService — [HSM] Session keys loaded — ZMK KCV=8BA8A4 ZPK KCV=9218A4 ZAK KCV=1BC115
