2026-06-13 12:34:49.350 [main] INFO  c.s.sg.ScenarioGeneratorApplication — Starting ScenarioGeneratorApplication using Java 26.0.1 with PID 8912 (D:\MoneyCore\ScenarioGenerator\target\classes started by Admin in D:\MoneyCore\ScenarioGenerator)
2026-06-13 12:34:49.361 [main] INFO  c.s.sg.ScenarioGeneratorApplication — No active profile set, falling back to 1 default profile: "default"
2026-06-13 12:34:51.574 [main] INFO  o.s.b.w.e.tomcat.TomcatWebServer — Tomcat initialized with port 8080 (http)
2026-06-13 12:34:51.604 [main] INFO  o.a.coyote.http11.Http11NioProtocol — Initializing ProtocolHandler ["http-nio-8080"]
2026-06-13 12:34:51.615 [main] INFO  o.a.catalina.core.StandardService — Starting service [Tomcat]
2026-06-13 12:34:51.618 [main] INFO  o.a.catalina.core.StandardEngine — Starting Servlet engine: [Apache Tomcat/10.1.20]
2026-06-13 12:34:51.856 [main] INFO  o.a.c.c.C.[Tomcat].[localhost].[/] — Initializing Spring embedded WebApplicationContext
2026-06-13 12:34:51.858 [main] INFO  o.s.b.w.s.c.ServletWebServerApplicationContext — Root WebApplicationContext: initialization completed in 2401 ms
2026-06-13 12:34:52.834 [main] INFO  o.s.b.a.e.web.EndpointLinksResolver — Exposing 2 endpoint(s) beneath base path '/actuator'
2026-06-13 12:34:52.898 [main] INFO  o.a.coyote.http11.Http11NioProtocol — Starting ProtocolHandler ["http-nio-8080"]
2026-06-13 12:34:52.925 [main] INFO  o.s.b.w.e.tomcat.TomcatWebServer — Tomcat started on port 8080 (http) with context path ''
2026-06-13 12:34:52.941 [main] INFO  c.s.sg.ScenarioGeneratorApplication — Started ScenarioGeneratorApplication in 4.743 seconds (process running for 6.407)
2026-06-13 12:34:53.124 [main] INFO  c.s.sg.ScenarioGeneratorApplication — ================================================
2026-06-13 12:34:53.124 [main] INFO  c.s.sg.ScenarioGeneratorApplication —   ScenarioGenerator — started successfully
2026-06-13 12:34:53.124 [main] INFO  c.s.sg.ScenarioGeneratorApplication —   API    : http://localhost:8080/api/status
2026-06-13 12:34:53.124 [main] INFO  c.s.sg.ScenarioGeneratorApplication —   Issuer : port 8200
2026-06-13 12:34:53.124 [main] INFO  c.s.sg.ScenarioGeneratorApplication — ================================================
2026-06-13 12:34:54.244 [mc-network-manager] INFO  com.staging.sg.hsm.ThalesHsmService — [HSM] Generating ZMK...
2026-06-13 12:34:54.308 [mc-network-manager] INFO  com.staging.sg.hsm.ThalesHsmService — [HSM] ZMK generated — KCV=0E653F
2026-06-13 12:34:54.322 [mc-issuer-client-1] INFO  com.staging.sg.hsm.ThalesHsmService — [HSM] Session keys loaded — ZMK KCV=0E653F ZPK KCV=null ZAK KCV=null
2026-06-13 12:34:54.327 [mc-network-manager] INFO  com.staging.sg.hsm.ThalesHsmService — [HSM] Generating ZPK under ZMK...
2026-06-13 12:34:54.328 [mc-network-manager] INFO  com.staging.sg.hsm.ThalesHsmService — [HSM] ZPK generated — KCV=736150
2026-06-13 12:34:54.331 [mc-issuer-client-2] INFO  com.staging.sg.hsm.ThalesHsmService — [HSM] Session keys loaded — ZMK KCV=0E653F ZPK KCV=736150 ZAK KCV=null
2026-06-13 12:34:54.333 [mc-network-manager] INFO  com.staging.sg.hsm.ThalesHsmService — [HSM] Generating ZAK under ZMK...
2026-06-13 12:34:54.334 [mc-network-manager] INFO  com.staging.sg.hsm.ThalesHsmService — [HSM] ZAK generated — KCV=1F8F99
2026-06-13 12:34:54.338 [mc-issuer-client-3] INFO  com.staging.sg.hsm.ThalesHsmService — [HSM] Session keys loaded — ZMK KCV=0E653F ZPK KCV=736150 ZAK KCV=1F8F99
2026-06-13 12:34:54.341 [mc-network-manager] INFO  com.staging.sg.hsm.ThalesHsmService — [HSM] Session keys loaded — ZMK KCV=0E653F ZPK KCV=736150 ZAK KCV=1F8F99
2026-06-13 17:54:42.321 [main] INFO  c.s.sg.ScenarioGeneratorApplication — Starting ScenarioGeneratorApplication using Java 26.0.1 with PID 6328 (D:\MoneyCore\ScenarioGenerator\target\classes started by Admin in D:\MoneyCore\ScenarioGenerator)
2026-06-13 17:54:42.324 [main] INFO  c.s.sg.ScenarioGeneratorApplication — No active profile set, falling back to 1 default profile: "default"
2026-06-13 17:54:43.741 [main] INFO  o.s.b.w.e.tomcat.TomcatWebServer — Tomcat initialized with port 8080 (http)
2026-06-13 17:54:43.753 [main] INFO  o.a.coyote.http11.Http11NioProtocol — Initializing ProtocolHandler ["http-nio-8080"]
2026-06-13 17:54:43.757 [main] INFO  o.a.catalina.core.StandardService — Starting service [Tomcat]
2026-06-13 17:54:43.758 [main] INFO  o.a.catalina.core.StandardEngine — Starting Servlet engine: [Apache Tomcat/10.1.20]
2026-06-13 17:54:43.840 [main] INFO  o.a.c.c.C.[Tomcat].[localhost].[/] — Initializing Spring embedded WebApplicationContext
2026-06-13 17:54:43.840 [main] INFO  o.s.b.w.s.c.ServletWebServerApplicationContext — Root WebApplicationContext: initialization completed in 1460 ms
2026-06-13 17:54:44.605 [main] INFO  o.s.b.a.e.web.EndpointLinksResolver — Exposing 2 endpoint(s) beneath base path '/actuator'
2026-06-13 17:54:44.654 [main] INFO  o.a.coyote.http11.Http11NioProtocol — Starting ProtocolHandler ["http-nio-8080"]
2026-06-13 17:54:44.672 [main] INFO  o.s.b.w.e.tomcat.TomcatWebServer — Tomcat started on port 8080 (http) with context path ''
2026-06-13 17:54:44.685 [main] INFO  c.s.sg.ScenarioGeneratorApplication — Started ScenarioGeneratorApplication in 3.303 seconds (process running for 4.513)
2026-06-13 17:54:44.884 [main] INFO  c.s.sg.ScenarioGeneratorApplication — ================================================
2026-06-13 17:54:44.884 [main] INFO  c.s.sg.ScenarioGeneratorApplication —   ScenarioGenerator — started successfully
2026-06-13 17:54:44.884 [main] INFO  c.s.sg.ScenarioGeneratorApplication —   API    : http://localhost:8080/api/status
2026-06-13 17:54:44.884 [main] INFO  c.s.sg.ScenarioGeneratorApplication —   Issuer : port 8200
2026-06-13 17:54:44.885 [main] INFO  c.s.sg.ScenarioGeneratorApplication — ================================================
2026-06-13 17:54:46.112 [mc-network-manager] INFO  com.staging.sg.hsm.ThalesHsmService — [HSM] Generating ZMK...
2026-06-13 17:54:46.152 [mc-network-manager] INFO  com.staging.sg.hsm.ThalesHsmService — [HSM] ZMK generated — KCV=9FF3AA
2026-06-13 17:54:46.165 [mc-issuer-client-1] INFO  com.staging.sg.hsm.ThalesHsmService — [HSM] Session keys loaded — ZMK KCV=9FF3AA ZPK KCV=null ZAK KCV=null
2026-06-13 17:54:46.169 [mc-network-manager] INFO  com.staging.sg.hsm.ThalesHsmService — [HSM] Generating ZPK under ZMK...
2026-06-13 17:54:46.169 [mc-network-manager] INFO  com.staging.sg.hsm.ThalesHsmService — [HSM] ZPK generated — KCV=F17A8E
2026-06-13 17:54:46.173 [mc-issuer-client-2] INFO  com.staging.sg.hsm.ThalesHsmService — [HSM] Session keys loaded — ZMK KCV=9FF3AA ZPK KCV=F17A8E ZAK KCV=null
2026-06-13 17:54:46.176 [mc-network-manager] INFO  com.staging.sg.hsm.ThalesHsmService — [HSM] Generating ZAK under ZMK...
2026-06-13 17:54:46.177 [mc-network-manager] INFO  com.staging.sg.hsm.ThalesHsmService — [HSM] ZAK generated — KCV=F0B1B9
2026-06-13 17:54:46.181 [mc-issuer-client-3] INFO  com.staging.sg.hsm.ThalesHsmService — [HSM] Session keys loaded — ZMK KCV=9FF3AA ZPK KCV=F17A8E ZAK KCV=F0B1B9
2026-06-13 17:54:46.184 [mc-network-manager] INFO  com.staging.sg.hsm.ThalesHsmService — [HSM] Session keys loaded — ZMK KCV=9FF3AA ZPK KCV=F17A8E ZAK KCV=F0B1B9
2026-06-13 17:54:56.458 [http-nio-8080-exec-2] INFO  o.a.c.c.C.[Tomcat].[localhost].[/] — Initializing Spring DispatcherServlet 'dispatcherServlet'
2026-06-13 17:54:56.458 [http-nio-8080-exec-2] INFO  o.s.web.servlet.DispatcherServlet — Initializing Servlet 'dispatcherServlet'
2026-06-13 17:54:56.460 [http-nio-8080-exec-2] INFO  o.s.web.servlet.DispatcherServlet — Completed initialization in 1 ms
2026-06-13 17:54:56.494 [http-nio-8080-exec-2] WARN  o.s.w.s.m.s.DefaultHandlerExceptionResolver — Resolved [org.springframework.web.HttpRequestMethodNotSupportedException: Request method 'GET' is not supported]
2026-06-13 17:55:55.259 [http-nio-8080-exec-1] WARN  o.s.w.s.m.s.DefaultHandlerExceptionResolver — Resolved [org.springframework.web.HttpMediaTypeNotSupportedException: Content-Type 'application/xml;charset=UTF-8' is not supported]
2026-06-13 17:56:07.540 [http-nio-8080-exec-4] ERROR com.staging.sg.api.McController — [API] Authorization error : error packing field 64
2026-06-13 17:57:32.452 [main] INFO  c.s.sg.ScenarioGeneratorApplication — Starting ScenarioGeneratorApplication using Java 26.0.1 with PID 7300 (D:\MoneyCore\ScenarioGenerator\target\classes started by Admin in D:\MoneyCore\ScenarioGenerator)
2026-06-13 17:57:32.455 [main] INFO  c.s.sg.ScenarioGeneratorApplication — No active profile set, falling back to 1 default profile: "default"
2026-06-13 17:57:34.239 [main] INFO  o.s.b.w.e.tomcat.TomcatWebServer — Tomcat initialized with port 8080 (http)
2026-06-13 17:57:34.255 [main] INFO  o.a.coyote.http11.Http11NioProtocol — Initializing ProtocolHandler ["http-nio-8080"]
2026-06-13 17:57:34.258 [main] INFO  o.a.catalina.core.StandardService — Starting service [Tomcat]
2026-06-13 17:57:34.259 [main] INFO  o.a.catalina.core.StandardEngine — Starting Servlet engine: [Apache Tomcat/10.1.20]
2026-06-13 17:57:34.352 [main] INFO  o.a.c.c.C.[Tomcat].[localhost].[/] — Initializing Spring embedded WebApplicationContext
2026-06-13 17:57:34.353 [main] INFO  o.s.b.w.s.c.ServletWebServerApplicationContext — Root WebApplicationContext: initialization completed in 1822 ms
2026-06-13 17:57:35.286 [main] INFO  o.s.b.a.e.web.EndpointLinksResolver — Exposing 2 endpoint(s) beneath base path '/actuator'
2026-06-13 17:57:35.418 [main] INFO  o.a.coyote.http11.Http11NioProtocol — Starting ProtocolHandler ["http-nio-8080"]
2026-06-13 17:57:35.436 [main] INFO  o.s.b.w.e.tomcat.TomcatWebServer — Tomcat started on port 8080 (http) with context path ''
2026-06-13 17:57:35.451 [main] INFO  c.s.sg.ScenarioGeneratorApplication — Started ScenarioGeneratorApplication in 3.971 seconds (process running for 4.725)
2026-06-13 17:57:35.572 [main] INFO  c.s.sg.ScenarioGeneratorApplication — ================================================
2026-06-13 17:57:35.572 [main] INFO  c.s.sg.ScenarioGeneratorApplication —   ScenarioGenerator — started successfully
2026-06-13 17:57:35.572 [main] INFO  c.s.sg.ScenarioGeneratorApplication —   API    : http://localhost:8080/api/status
2026-06-13 17:57:35.572 [main] INFO  c.s.sg.ScenarioGeneratorApplication —   Issuer : port 8200
2026-06-13 17:57:35.572 [main] INFO  c.s.sg.ScenarioGeneratorApplication — ================================================
2026-06-13 17:57:36.686 [mc-network-manager] INFO  com.staging.sg.hsm.ThalesHsmService — [HSM] Generating ZMK...
2026-06-13 17:57:36.720 [mc-network-manager] INFO  com.staging.sg.hsm.ThalesHsmService — [HSM] ZMK generated — KCV=91C686
2026-06-13 17:57:36.730 [mc-issuer-client-1] INFO  com.staging.sg.hsm.ThalesHsmService — [HSM] Session keys loaded — ZMK KCV=91C686 ZPK KCV=null ZAK KCV=null
2026-06-13 17:57:36.732 [mc-network-manager] INFO  com.staging.sg.hsm.ThalesHsmService — [HSM] Generating ZPK under ZMK...
2026-06-13 17:57:36.733 [mc-network-manager] INFO  com.staging.sg.hsm.ThalesHsmService — [HSM] ZPK generated — KCV=00FDB7
2026-06-13 17:57:36.738 [mc-issuer-client-2] INFO  com.staging.sg.hsm.ThalesHsmService — [HSM] Session keys loaded — ZMK KCV=91C686 ZPK KCV=00FDB7 ZAK KCV=null
2026-06-13 17:57:36.740 [mc-network-manager] INFO  com.staging.sg.hsm.ThalesHsmService — [HSM] Generating ZAK under ZMK...
2026-06-13 17:57:36.741 [mc-network-manager] INFO  com.staging.sg.hsm.ThalesHsmService — [HSM] ZAK generated — KCV=11A0E7
2026-06-13 17:57:36.745 [mc-issuer-client-3] INFO  com.staging.sg.hsm.ThalesHsmService — [HSM] Session keys loaded — ZMK KCV=91C686 ZPK KCV=00FDB7 ZAK KCV=11A0E7
2026-06-13 17:57:36.748 [mc-network-manager] INFO  com.staging.sg.hsm.ThalesHsmService — [HSM] Session keys loaded — ZMK KCV=91C686 ZPK KCV=00FDB7 ZAK KCV=11A0E7
2026-06-13 17:57:44.253 [http-nio-8080-exec-1] INFO  o.a.c.c.C.[Tomcat].[localhost].[/] — Initializing Spring DispatcherServlet 'dispatcherServlet'
2026-06-13 17:57:44.253 [http-nio-8080-exec-1] INFO  o.s.web.servlet.DispatcherServlet — Initializing Servlet 'dispatcherServlet'
2026-06-13 17:57:44.254 [http-nio-8080-exec-1] INFO  o.s.web.servlet.DispatcherServlet — Completed initialization in 1 ms
2026-06-13 18:08:29.331 [main] INFO  c.s.sg.ScenarioGeneratorApplication — Starting ScenarioGeneratorApplication using Java 26.0.1 with PID 4216 (D:\MoneyCore\ScenarioGenerator\target\classes started by Admin in D:\MoneyCore\ScenarioGenerator)
2026-06-13 18:08:29.334 [main] INFO  c.s.sg.ScenarioGeneratorApplication — No active profile set, falling back to 1 default profile: "default"
2026-06-13 18:08:31.886 [main] INFO  o.s.b.w.e.tomcat.TomcatWebServer — Tomcat initialized with port 8080 (http)
2026-06-13 18:08:31.900 [main] INFO  o.a.coyote.http11.Http11NioProtocol — Initializing ProtocolHandler ["http-nio-8080"]
2026-06-13 18:08:31.903 [main] INFO  o.a.catalina.core.StandardService — Starting service [Tomcat]
2026-06-13 18:08:31.904 [main] INFO  o.a.catalina.core.StandardEngine — Starting Servlet engine: [Apache Tomcat/10.1.20]
2026-06-13 18:08:31.985 [main] INFO  o.a.c.c.C.[Tomcat].[localhost].[/] — Initializing Spring embedded WebApplicationContext
2026-06-13 18:08:31.986 [main] INFO  o.s.b.w.s.c.ServletWebServerApplicationContext — Root WebApplicationContext: initialization completed in 2574 ms
2026-06-13 18:08:32.777 [main] INFO  o.s.b.a.e.web.EndpointLinksResolver — Exposing 2 endpoint(s) beneath base path '/actuator'
2026-06-13 18:08:32.829 [main] INFO  o.a.coyote.http11.Http11NioProtocol — Starting ProtocolHandler ["http-nio-8080"]
2026-06-13 18:08:32.847 [main] INFO  o.s.b.w.e.tomcat.TomcatWebServer — Tomcat started on port 8080 (http) with context path ''
2026-06-13 18:08:32.859 [main] INFO  c.s.sg.ScenarioGeneratorApplication — Started ScenarioGeneratorApplication in 4.461 seconds (process running for 5.162)
2026-06-13 18:08:33.094 [main] INFO  c.s.sg.ScenarioGeneratorApplication — ================================================
2026-06-13 18:08:33.094 [main] INFO  c.s.sg.ScenarioGeneratorApplication —   ScenarioGenerator — started successfully
2026-06-13 18:08:33.094 [main] INFO  c.s.sg.ScenarioGeneratorApplication —   API    : http://localhost:8080/api/status
2026-06-13 18:08:33.094 [main] INFO  c.s.sg.ScenarioGeneratorApplication —   Issuer : port 8200
2026-06-13 18:08:33.094 [main] INFO  c.s.sg.ScenarioGeneratorApplication — ================================================
2026-06-13 18:08:34.301 [mc-network-manager] INFO  com.staging.sg.hsm.ThalesHsmService — [HSM] Generating ZMK...
2026-06-13 18:08:34.329 [mc-network-manager] INFO  com.staging.sg.hsm.ThalesHsmService — [HSM] ZMK generated — KCV=A069DF
2026-06-13 18:08:34.344 [mc-issuer-client-1] INFO  com.staging.sg.hsm.ThalesHsmService — [HSM] Session keys loaded — ZMK KCV=A069DF ZPK KCV=null ZAK KCV=null
2026-06-13 18:08:34.348 [mc-network-manager] INFO  com.staging.sg.hsm.ThalesHsmService — [HSM] Generating ZPK under ZMK...
2026-06-13 18:08:34.348 [mc-network-manager] INFO  com.staging.sg.hsm.ThalesHsmService — [HSM] ZPK generated — KCV=FEE6E7
2026-06-13 18:08:34.352 [mc-issuer-client-2] INFO  com.staging.sg.hsm.ThalesHsmService — [HSM] Session keys loaded — ZMK KCV=A069DF ZPK KCV=FEE6E7 ZAK KCV=null
2026-06-13 18:08:34.354 [mc-network-manager] INFO  com.staging.sg.hsm.ThalesHsmService — [HSM] Generating ZAK under ZMK...
2026-06-13 18:08:34.355 [mc-network-manager] INFO  com.staging.sg.hsm.ThalesHsmService — [HSM] ZAK generated — KCV=C2A0A6
2026-06-13 18:08:34.359 [mc-issuer-client-3] INFO  com.staging.sg.hsm.ThalesHsmService — [HSM] Session keys loaded — ZMK KCV=A069DF ZPK KCV=FEE6E7 ZAK KCV=C2A0A6
2026-06-13 18:08:34.362 [mc-network-manager] INFO  com.staging.sg.hsm.ThalesHsmService — [HSM] Session keys loaded — ZMK KCV=A069DF ZPK KCV=FEE6E7 ZAK KCV=C2A0A6
2026-06-13 18:08:51.872 [http-nio-8080-exec-2] INFO  o.a.c.c.C.[Tomcat].[localhost].[/] — Initializing Spring DispatcherServlet 'dispatcherServlet'
2026-06-13 18:08:51.873 [http-nio-8080-exec-2] INFO  o.s.web.servlet.DispatcherServlet — Initializing Servlet 'dispatcherServlet'
2026-06-13 18:08:51.875 [http-nio-8080-exec-2] INFO  o.s.web.servlet.DispatcherServlet — Completed initialization in 2 ms
2026-06-13 22:51:08.286 [background-preinit] INFO  o.h.validator.internal.util.Version — HV000001: Hibernate Validator 8.0.1.Final
2026-06-13 22:51:08.327 [main] INFO  c.s.sg.ScenarioGeneratorApplication — Starting ScenarioGeneratorApplication using Java 26.0.1 with PID 15984 (D:\MoneyCore\ScenarioGenerator\target\classes started by Admin in D:\MoneyCore\ScenarioGenerator)
2026-06-13 22:51:08.328 [main] INFO  c.s.sg.ScenarioGeneratorApplication — No active profile set, falling back to 1 default profile: "default"
2026-06-13 22:51:09.584 [main] INFO  o.s.d.r.c.RepositoryConfigurationDelegate — Bootstrapping Spring Data JPA repositories in DEFAULT mode.
2026-06-13 22:51:09.659 [main] INFO  o.s.d.r.c.RepositoryConfigurationDelegate — Finished Spring Data repository scanning in 67 ms. Found 6 JPA repository interfaces.
2026-06-13 22:51:10.609 [main] INFO  o.s.b.w.e.tomcat.TomcatWebServer — Tomcat initialized with port 8080 (http)
2026-06-13 22:51:10.621 [main] INFO  o.a.coyote.http11.Http11NioProtocol — Initializing ProtocolHandler ["http-nio-8080"]
2026-06-13 22:51:10.623 [main] INFO  o.a.catalina.core.StandardService — Starting service [Tomcat]
2026-06-13 22:51:10.624 [main] INFO  o.a.catalina.core.StandardEngine — Starting Servlet engine: [Apache Tomcat/10.1.20]
2026-06-13 22:51:10.704 [main] INFO  o.a.c.c.C.[Tomcat].[localhost].[/] — Initializing Spring embedded WebApplicationContext
2026-06-13 22:51:10.704 [main] INFO  o.s.b.w.s.c.ServletWebServerApplicationContext — Root WebApplicationContext: initialization completed in 2323 ms
2026-06-13 22:51:11.080 [main] INFO  com.zaxxer.hikari.HikariDataSource — HikariPool-1 - Starting...
2026-06-13 22:51:11.297 [main] INFO  com.zaxxer.hikari.pool.HikariPool — HikariPool-1 - Added connection org.postgresql.jdbc.PgConnection@8f6b4ab
2026-06-13 22:51:11.299 [main] INFO  com.zaxxer.hikari.HikariDataSource — HikariPool-1 - Start completed.
2026-06-13 22:51:11.517 [main] INFO  liquibase.database — Set default schema name to public
2026-06-13 22:51:12.242 [main] INFO  liquibase.changelog — Creating database history table with name: public.databasechangelog
2026-06-13 22:51:12.363 [main] INFO  liquibase.changelog — Reading from public.databasechangelog
2026-06-13 22:51:12.545 [main] INFO  liquibase.lockservice — Successfully acquired change log lock
2026-06-13 22:51:12.547 [main] INFO  liquibase.command — Using deploymentId: 1387472547
2026-06-13 22:51:12.549 [main] INFO  liquibase.changelog — Reading from public.databasechangelog
2026-06-13 22:51:12.627 [main] ERROR liquibase.changelog — ChangeSet db/changelog/v1.0.0-init.xml::v1.0.0-001-users::admin encountered an exception.
2026-06-13 22:51:12.634 [main] INFO  liquibase.command — Update command encountered an exception.
2026-06-13 22:51:12.638 [main] INFO  liquibase.lockservice — Successfully released change log lock
2026-06-13 22:51:12.639 [main] INFO  liquibase.command — Command execution complete
2026-06-13 22:51:12.641 [main] WARN  o.s.b.w.s.c.AnnotationConfigServletWebServerApplicationContext — Exception encountered during context initialization - cancelling refresh attempt: org.springframework.beans.factory.BeanCreationException: Error creating bean with name 'liquibase' defined in class path resource [org/springframework/boot/autoconfigure/liquibase/LiquibaseAutoConfiguration$LiquibaseConfiguration.class]: liquibase.exception.LiquibaseException: liquibase.exception.MigrationFailedException: Migration failed for changeset db/changelog/v1.0.0-init.xml::v1.0.0-001-users::admin:
     Reason: liquibase.exception.DatabaseException: ERREUR: relation "users" already exists [Failed SQL: (0) CREATE TABLE public.users (id BIGINT GENERATED BY DEFAULT AS IDENTITY NOT NULL, login VARCHAR(50) NOT NULL, password VARCHAR(255) NOT NULL, email VARCHAR(100), role VARCHAR(20) NOT NULL, active BOOLEAN DEFAULT TRUE, created_at TIMESTAMP WITHOUT TIME ZONE DEFAULT NOW(), created_by VARCHAR(50), last_login TIMESTAMP WITHOUT TIME ZONE, CONSTRAINT users_pkey PRIMARY KEY (id), UNIQUE (login))]
2026-06-13 22:51:12.641 [main] INFO  com.zaxxer.hikari.HikariDataSource — HikariPool-1 - Shutdown initiated...
2026-06-13 22:51:12.651 [main] INFO  com.zaxxer.hikari.HikariDataSource — HikariPool-1 - Shutdown completed.
2026-06-13 22:51:12.658 [main] INFO  o.a.catalina.core.StandardService — Stopping service [Tomcat]
2026-06-13 22:51:12.681 [main] INFO  o.s.b.a.l.ConditionEvaluationReportLogger — 

Error starting ApplicationContext. To display the condition evaluation report re-run your application with 'debug' enabled.
2026-06-13 22:51:12.698 [main] ERROR o.s.boot.SpringApplication — Application run failed
org.springframework.beans.factory.BeanCreationException: Error creating bean with name 'liquibase' defined in class path resource [org/springframework/boot/autoconfigure/liquibase/LiquibaseAutoConfiguration$LiquibaseConfiguration.class]: liquibase.exception.LiquibaseException: liquibase.exception.MigrationFailedException: Migration failed for changeset db/changelog/v1.0.0-init.xml::v1.0.0-001-users::admin:
     Reason: liquibase.exception.DatabaseException: ERREUR: relation "users" already exists [Failed SQL: (0) CREATE TABLE public.users (id BIGINT GENERATED BY DEFAULT AS IDENTITY NOT NULL, login VARCHAR(50) NOT NULL, password VARCHAR(255) NOT NULL, email VARCHAR(100), role VARCHAR(20) NOT NULL, active BOOLEAN DEFAULT TRUE, created_at TIMESTAMP WITHOUT TIME ZONE DEFAULT NOW(), created_by VARCHAR(50), last_login TIMESTAMP WITHOUT TIME ZONE, CONSTRAINT users_pkey PRIMARY KEY (id), UNIQUE (login))]
	at org.springframework.beans.factory.support.AbstractAutowireCapableBeanFactory.initializeBean(AbstractAutowireCapableBeanFactory.java:1786)
	at org.springframework.beans.factory.support.AbstractAutowireCapableBeanFactory.doCreateBean(AbstractAutowireCapableBeanFactory.java:600)
	at org.springframework.beans.factory.support.AbstractAutowireCapableBeanFactory.createBean(AbstractAutowireCapableBeanFactory.java:522)
	at org.springframework.beans.factory.support.AbstractBeanFactory.lambda$doGetBean$0(AbstractBeanFactory.java:326)
	at org.springframework.beans.factory.support.DefaultSingletonBeanRegistry.getSingleton(DefaultSingletonBeanRegistry.java:234)
	at org.springframework.beans.factory.support.AbstractBeanFactory.doGetBean(AbstractBeanFactory.java:324)
	at org.springframework.beans.factory.support.AbstractBeanFactory.getBean(AbstractBeanFactory.java:200)
	at org.springframework.beans.factory.support.AbstractBeanFactory.doGetBean(AbstractBeanFactory.java:313)
	at org.springframework.beans.factory.support.AbstractBeanFactory.getBean(AbstractBeanFactory.java:200)
	at org.springframework.context.support.AbstractApplicationContext.getBean(AbstractApplicationContext.java:1234)
	at org.springframework.context.support.AbstractApplicationContext.finishBeanFactoryInitialization(AbstractApplicationContext.java:952)
	at org.springframework.context.support.AbstractApplicationContext.refresh(AbstractApplicationContext.java:624)
	at org.springframework.boot.web.servlet.context.ServletWebServerApplicationContext.refresh(ServletWebServerApplicationContext.java:146)
	at org.springframework.boot.SpringApplication.refresh(SpringApplication.java:754)
	at org.springframework.boot.SpringApplication.refreshContext(SpringApplication.java:456)
	at org.springframework.boot.SpringApplication.run(SpringApplication.java:334)
	at org.springframework.boot.SpringApplication.run(SpringApplication.java:1354)
	at org.springframework.boot.SpringApplication.run(SpringApplication.java:1343)
	at com.staging.sg.ScenarioGeneratorApplication.main(ScenarioGeneratorApplication.java:16)
Caused by: liquibase.exception.CommandExecutionException: liquibase.exception.LiquibaseException: liquibase.exception.MigrationFailedException: Migration failed for changeset db/changelog/v1.0.0-init.xml::v1.0.0-001-users::admin:
     Reason: liquibase.exception.DatabaseException: ERREUR: relation "users" already exists [Failed SQL: (0) CREATE TABLE public.users (id BIGINT GENERATED BY DEFAULT AS IDENTITY NOT NULL, login VARCHAR(50) NOT NULL, password VARCHAR(255) NOT NULL, email VARCHAR(100), role VARCHAR(20) NOT NULL, active BOOLEAN DEFAULT TRUE, created_at TIMESTAMP WITHOUT TIME ZONE DEFAULT NOW(), created_by VARCHAR(50), last_login TIMESTAMP WITHOUT TIME ZONE, CONSTRAINT users_pkey PRIMARY KEY (id), UNIQUE (login))]
	at liquibase.command.CommandScope.execute(CommandScope.java:237)
	at liquibase.Liquibase.lambda$update$0(Liquibase.java:222)
	at liquibase.Scope.lambda$child$0(Scope.java:184)
	at liquibase.Scope.child(Scope.java:193)
	at liquibase.Scope.child(Scope.java:183)
	at liquibase.Scope.child(Scope.java:162)
	at liquibase.Liquibase.runInScope(Liquibase.java:1371)
	at liquibase.Liquibase.update(Liquibase.java:211)
	at liquibase.Liquibase.update(Liquibase.java:193)
	at liquibase.integration.spring.SpringLiquibase.performUpdate(SpringLiquibase.java:331)
	at liquibase.integration.spring.SpringLiquibase.afterPropertiesSet(SpringLiquibase.java:286)
	at org.springframework.beans.factory.support.AbstractAutowireCapableBeanFactory.invokeInitMethods(AbstractAutowireCapableBeanFactory.java:1833)
	at org.springframework.beans.factory.support.AbstractAutowireCapableBeanFactory.initializeBean(AbstractAutowireCapableBeanFactory.java:1782)
	... 18 common frames omitted
Caused by: liquibase.exception.LiquibaseException: liquibase.exception.MigrationFailedException: Migration failed for changeset db/changelog/v1.0.0-init.xml::v1.0.0-001-users::admin:
     Reason: liquibase.exception.DatabaseException: ERREUR: relation "users" already exists [Failed SQL: (0) CREATE TABLE public.users (id BIGINT GENERATED BY DEFAULT AS IDENTITY NOT NULL, login VARCHAR(50) NOT NULL, password VARCHAR(255) NOT NULL, email VARCHAR(100), role VARCHAR(20) NOT NULL, active BOOLEAN DEFAULT TRUE, created_at TIMESTAMP WITHOUT TIME ZONE DEFAULT NOW(), created_by VARCHAR(50), last_login TIMESTAMP WITHOUT TIME ZONE, CONSTRAINT users_pkey PRIMARY KEY (id), UNIQUE (login))]
	at liquibase.changelog.ChangeLogIterator.run(ChangeLogIterator.java:122)
	at liquibase.command.core.AbstractUpdateCommandStep.lambda$doRun$1(AbstractUpdateCommandStep.java:105)
	at liquibase.Scope.lambda$child$0(Scope.java:184)
	at liquibase.Scope.child(Scope.java:193)
	at liquibase.Scope.child(Scope.java:183)
	at liquibase.Scope.child(Scope.java:162)
	at liquibase.command.core.AbstractUpdateCommandStep.doRun(AbstractUpdateCommandStep.java:104)
	at liquibase.command.core.AbstractUpdateCommandStep.lambda$run$0(AbstractUpdateCommandStep.java:63)
	at liquibase.Scope.lambda$child$0(Scope.java:184)
	at liquibase.Scope.child(Scope.java:193)
	at liquibase.Scope.child(Scope.java:183)
	at liquibase.Scope.child(Scope.java:162)
	at liquibase.command.core.AbstractUpdateCommandStep.run(AbstractUpdateCommandStep.java:62)
	at liquibase.command.core.UpdateCommandStep.run(UpdateCommandStep.java:106)
	at liquibase.command.CommandScope.execute(CommandScope.java:214)
	... 30 common frames omitted
Caused by: liquibase.exception.MigrationFailedException: Migration failed for changeset db/changelog/v1.0.0-init.xml::v1.0.0-001-users::admin:
     Reason: liquibase.exception.DatabaseException: ERREUR: relation "users" already exists [Failed SQL: (0) CREATE TABLE public.users (id BIGINT GENERATED BY DEFAULT AS IDENTITY NOT NULL, login VARCHAR(50) NOT NULL, password VARCHAR(255) NOT NULL, email VARCHAR(100), role VARCHAR(20) NOT NULL, active BOOLEAN DEFAULT TRUE, created_at TIMESTAMP WITHOUT TIME ZONE DEFAULT NOW(), created_by VARCHAR(50), last_login TIMESTAMP WITHOUT TIME ZONE, CONSTRAINT users_pkey PRIMARY KEY (id), UNIQUE (login))]
	at liquibase.changelog.ChangeSet.execute(ChangeSet.java:785)
	at liquibase.changelog.visitor.UpdateVisitor.executeAcceptedChange(UpdateVisitor.java:118)
	at liquibase.changelog.visitor.UpdateVisitor.visit(UpdateVisitor.java:68)
	at liquibase.changelog.ChangeLogIterator$2.lambda$run$0(ChangeLogIterator.java:110)
	at liquibase.Scope.lambda$child$0(Scope.java:184)
	at liquibase.Scope.child(Scope.java:193)
	at liquibase.Scope.child(Scope.java:183)
	at liquibase.Scope.child(Scope.java:162)
	at liquibase.Scope.child(Scope.java:250)
	at liquibase.changelog.ChangeLogIterator$2.run(ChangeLogIterator.java:100)
	at liquibase.Scope.lambda$child$0(Scope.java:184)
	at liquibase.Scope.child(Scope.java:193)
	at liquibase.Scope.child(Scope.java:183)
	at liquibase.Scope.child(Scope.java:162)
	at liquibase.Scope.child(Scope.java:250)
	at liquibase.Scope.child(Scope.java:254)
	at liquibase.changelog.ChangeLogIterator.run(ChangeLogIterator.java:74)
	... 44 common frames omitted
Caused by: liquibase.exception.DatabaseException: ERREUR: relation "users" already exists [Failed SQL: (0) CREATE TABLE public.users (id BIGINT GENERATED BY DEFAULT AS IDENTITY NOT NULL, login VARCHAR(50) NOT NULL, password VARCHAR(255) NOT NULL, email VARCHAR(100), role VARCHAR(20) NOT NULL, active BOOLEAN DEFAULT TRUE, created_at TIMESTAMP WITHOUT TIME ZONE DEFAULT NOW(), created_by VARCHAR(50), last_login TIMESTAMP WITHOUT TIME ZONE, CONSTRAINT users_pkey PRIMARY KEY (id), UNIQUE (login))]
	at liquibase.executor.jvm.JdbcExecutor$ExecuteStatementCallback.doInStatement(JdbcExecutor.java:468)
	at liquibase.executor.jvm.JdbcExecutor.execute(JdbcExecutor.java:77)
	at liquibase.executor.jvm.JdbcExecutor.execute(JdbcExecutor.java:177)
	at liquibase.database.AbstractJdbcDatabase.execute(AbstractJdbcDatabase.java:1291)
	at liquibase.database.AbstractJdbcDatabase.executeStatements(AbstractJdbcDatabase.java:1273)
	at liquibase.changelog.ChangeSet.execute(ChangeSet.java:744)
	... 60 common frames omitted
Caused by: org.postgresql.util.PSQLException: ERREUR: relation "users" already exists
	at org.postgresql.core.v3.QueryExecutorImpl.receiveErrorResponse(QueryExecutorImpl.java:2713)
	at org.postgresql.core.v3.QueryExecutorImpl.processResults(QueryExecutorImpl.java:2401)
	at org.postgresql.core.v3.QueryExecutorImpl.execute(QueryExecutorImpl.java:368)
	at org.postgresql.jdbc.PgStatement.executeInternal(PgStatement.java:498)
	at org.postgresql.jdbc.PgStatement.execute(PgStatement.java:415)
	at org.postgresql.jdbc.PgStatement.executeWithFlags(PgStatement.java:335)
	at org.postgresql.jdbc.PgStatement.executeCachedSql(PgStatement.java:321)
	at org.postgresql.jdbc.PgStatement.executeWithFlags(PgStatement.java:297)
	at org.postgresql.jdbc.PgStatement.execute(PgStatement.java:292)
	at com.zaxxer.hikari.pool.ProxyStatement.execute(ProxyStatement.java:94)
	at com.zaxxer.hikari.pool.HikariProxyStatement.execute(HikariProxyStatement.java)
	at liquibase.executor.jvm.JdbcExecutor$ExecuteStatementCallback.doInStatement(JdbcExecutor.java:462)
	... 65 common frames omitted
