2026-06-12 22:03:32.966 INFO  — [ISSUING] ISOServer started — listening on port 8200
2026-06-12 22:03:32.967 INFO  — [ISSUING] Listening on :8200
2026-06-12 22:04:52.936 INFO  — [ISSUING] ISOServer stopped
2026-06-12 22:05:17.308 INFO  — [ISSUING] Listening on :8200
2026-06-12 22:05:17.308 INFO  — [ISSUING] ISOServer started — listening on port 8200
2026-06-12 22:05:19.343 DEBUG — [ISSUING] Received MTI=0820
2026-06-12 22:05:19.344 INFO  — [ISSUING] 0820 Key-Exchange ZMK{KEK} received — STAN=223275
2026-06-12 22:05:19.344 INFO  — [ISSUING] ZMK loaded — KCV=F6AF8B
2026-06-12 22:05:19.345 INFO  — [ISSUING] 0830 Key-Exchange Response sent — ZMK{KEK} DE39=00
2026-06-12 22:05:19.349 DEBUG — [ISSUING] Received MTI=0820
2026-06-12 22:05:19.350 INFO  — [ISSUING] 0820 Key-Exchange ZPK{ZMK} received — STAN=112480
2026-06-12 22:05:19.351 INFO  — [ISSUING] ZPK loaded — KCV=9F4214
2026-06-12 22:05:19.352 INFO  — [ISSUING] 0830 Key-Exchange Response sent — ZPK{ZMK} DE39=00
2026-06-12 22:05:19.356 DEBUG — [ISSUING] Received MTI=0820
2026-06-12 22:05:19.356 INFO  — [ISSUING] 0820 Key-Exchange ZAK{ZMK} received — STAN=436809
2026-06-12 22:05:19.357 INFO  — [ISSUING] ZAK loaded — KCV=39A3A8
2026-06-12 22:05:19.358 INFO  — [ISSUING] 0830 Key-Exchange Response sent — ZAK{ZMK} DE39=00
2026-06-12 22:05:19.362 DEBUG — [ISSUING] Received MTI=0800
2026-06-12 22:05:19.362 INFO  — [ISSUING] 0800 Sign-on received — STAN=770282
2026-06-12 22:05:19.363 INFO  — [ISSUING] 0810 Sign-on Response sent — DE39=00
2026-06-12 22:05:54.532 INFO  — [ISSUING] ISOServer stopped
2026-06-12 22:06:00.941 INFO  — [ISSUING] ISOServer started — listening on port 8200
2026-06-12 22:06:00.944 INFO  — [ISSUING] Listening on :8200
2026-06-12 22:06:02.968 DEBUG — [ISSUING] Received MTI=0820
2026-06-12 22:06:02.968 INFO  — [ISSUING] 0820 Key-Exchange ZMK{KEK} received — STAN=996965
2026-06-12 22:06:02.969 INFO  — [ISSUING] ZMK loaded — KCV=30FFDF
2026-06-12 22:06:02.970 INFO  — [ISSUING] 0830 Key-Exchange Response sent — ZMK{KEK} DE39=00
2026-06-12 22:06:02.977 DEBUG — [ISSUING] Received MTI=0820
2026-06-12 22:06:02.977 INFO  — [ISSUING] 0820 Key-Exchange ZPK{ZMK} received — STAN=883977
2026-06-12 22:06:02.978 INFO  — [ISSUING] ZPK loaded — KCV=F3CB54
2026-06-12 22:06:02.979 INFO  — [ISSUING] 0830 Key-Exchange Response sent — ZPK{ZMK} DE39=00
2026-06-12 22:06:02.983 DEBUG — [ISSUING] Received MTI=0820
2026-06-12 22:06:02.983 INFO  — [ISSUING] 0820 Key-Exchange ZAK{ZMK} received — STAN=702110
2026-06-12 22:06:02.984 INFO  — [ISSUING] ZAK loaded — KCV=8014B1
2026-06-12 22:06:02.985 INFO  — [ISSUING] 0830 Key-Exchange Response sent — ZAK{ZMK} DE39=00
2026-06-12 22:06:02.991 DEBUG — [ISSUING] Received MTI=0800
2026-06-12 22:06:02.991 INFO  — [ISSUING] 0800 Sign-on received — STAN=430475
2026-06-12 22:06:02.991 INFO  — [ISSUING] 0810 Sign-on Response sent — DE39=00
2026-06-12 22:07:02.996 DEBUG — [ISSUING] Received MTI=0800
2026-06-12 22:07:02.996 INFO  — [ISSUING] 0800 Echo Test received — STAN=368121
2026-06-12 22:07:02.996 INFO  — [ISSUING] 0810 Echo Test Response sent — DE39=00
2026-06-12 22:08:02.996 DEBUG — [ISSUING] Received MTI=0800
2026-06-12 22:08:02.996 INFO  — [ISSUING] 0800 Echo Test received — STAN=329061
2026-06-12 22:08:02.999 INFO  — [ISSUING] 0810 Echo Test Response sent — DE39=00
2026-06-12 22:09:03.000 DEBUG — [ISSUING] Received MTI=0800
2026-06-12 22:09:03.007 INFO  — [ISSUING] 0800 Echo Test received — STAN=464645
2026-06-12 22:09:03.011 INFO  — [ISSUING] 0810 Echo Test Response sent — DE39=00
2026-06-12 22:09:11.599 INFO  — [ISSUING] ISOServer stopped
2026-06-12 22:09:43.544 INFO  — [ISSUING] ISOServer started — listening on port 8200
2026-06-12 22:09:43.545 INFO  — [ISSUING] Listening on :8200
2026-06-12 22:09:45.595 DEBUG — [ISSUING] Received MTI=0820
2026-06-12 22:09:45.595 INFO  — [ISSUING] 0820 Key-Exchange ZMK{KEK} received — STAN=933223
2026-06-12 22:09:45.596 INFO  — [ISSUING] ZMK loaded — KCV=8BA8A4
2026-06-12 22:09:45.596 INFO  — [ISSUING] 0830 Key-Exchange Response sent — ZMK{KEK} DE39=00
2026-06-12 22:09:45.602 DEBUG — [ISSUING] Received MTI=0820
2026-06-12 22:09:45.602 INFO  — [ISSUING] 0820 Key-Exchange ZPK{ZMK} received — STAN=441113
2026-06-12 22:09:45.603 INFO  — [ISSUING] ZPK loaded — KCV=9218A4
2026-06-12 22:09:45.604 INFO  — [ISSUING] 0830 Key-Exchange Response sent — ZPK{ZMK} DE39=00
2026-06-12 22:09:45.607 DEBUG — [ISSUING] Received MTI=0820
2026-06-12 22:09:45.607 INFO  — [ISSUING] 0820 Key-Exchange ZAK{ZMK} received — STAN=495101
2026-06-12 22:09:45.609 INFO  — [ISSUING] ZAK loaded — KCV=1BC115
2026-06-12 22:09:45.609 INFO  — [ISSUING] 0830 Key-Exchange Response sent — ZAK{ZMK} DE39=00
2026-06-12 22:09:45.613 DEBUG — [ISSUING] Received MTI=0800
2026-06-12 22:09:45.613 INFO  — [ISSUING] 0800 Sign-on received — STAN=171632
2026-06-12 22:09:45.613 INFO  — [ISSUING] 0810 Sign-on Response sent — DE39=00
2026-06-12 22:10:45.621 DEBUG — [ISSUING] Received MTI=0800
2026-06-12 22:10:45.629 INFO  — [ISSUING] 0800 Echo Test received — STAN=448498
2026-06-12 22:10:45.630 INFO  — [ISSUING] 0810 Echo Test Response sent — DE39=00
