2026-06-14T16:20:15.737+01:00  INFO 13348 --- [sg-issuer] [mc-issuer-client-3912] com.staging.sg.issuer.issuer.McIssuer    : 
┌─────────────────────────────────────────────────
│ [ISSUING] RECEIVED — 0800 Echo Test
├─────────────────────────────────────────────────
│ MTI                          : 0800
│ DE007_TRANSMISSION_DATE_TIME : 0614162015
│ DE011_STAN                   : 205385
│ DE070_NETWORK_CODE           : 302
├─────────────────────────────────────────────────
│ HEX : 30383030383232303030303030303030303030303034303030303030303030303030303030363134313632303135323035333835333032
└─────────────────────────────────────────────────
2026-06-14T16:20:15.858+01:00  INFO 13348 --- [sg-issuer] [mc-issuer-client-3912] com.staging.sg.issuer.issuer.McIssuer    : 
┌─────────────────────────────────────────────────
│ [ISSUING] SENT — 0810 Echo Test Response
├─────────────────────────────────────────────────
│ MTI                          : 0810
│ DE007_TRANSMISSION_DATE_TIME : 0614162015
│ DE011_STAN                   : 205385
│ DE039_RESPONSE_CODE          : 00
│ DE070_NETWORK_CODE           : 302
├─────────────────────────────────────────────────
│ HEX : 303831303832323030303030303230303030303030343030303030303030303030303030303631343136323031353230353338353030333032
└─────────────────────────────────────────────────
2026-06-14T16:21:15.735+01:00  INFO 13348 --- [sg-issuer] [mc-issuer-client-3913] com.staging.sg.issuer.issuer.McIssuer    : 
┌─────────────────────────────────────────────────
│ [ISSUING] RECEIVED — 0800 Echo Test
├─────────────────────────────────────────────────
│ MTI                          : 0800
│ DE007_TRANSMISSION_DATE_TIME : 0614162115
│ DE011_STAN                   : 736090
│ DE070_NETWORK_CODE           : 302
├─────────────────────────────────────────────────
│ HEX : 30383030383232303030303030303030303030303034303030303030303030303030303030363134313632313135373336303930333032
└─────────────────────────────────────────────────
2026-06-14T16:21:15.735+01:00  INFO 13348 --- [sg-issuer] [mc-issuer-client-3913] com.staging.sg.issuer.issuer.McIssuer    : 
┌─────────────────────────────────────────────────
│ [ISSUING] SENT — 0810 Echo Test Response
├─────────────────────────────────────────────────
│ MTI                          : 0810
│ DE007_TRANSMISSION_DATE_TIME : 0614162115
│ DE011_STAN                   : 736090
│ DE039_RESPONSE_CODE          : 00
│ DE070_NETWORK_CODE           : 302
├─────────────────────────────────────────────────
│ HEX : 303831303832323030303030303230303030303030343030303030303030303030303030303631343136323131353733363039303030333032
└─────────────────────────────────────────────────
2026-06-14T16:22:15.736+01:00  INFO 13348 --- [sg-issuer] [mc-issuer-client-3914] com.staging.sg.issuer.issuer.McIssuer    : 
┌─────────────────────────────────────────────────
│ [ISSUING] RECEIVED — 0800 Echo Test
├─────────────────────────────────────────────────
│ MTI                          : 0800
│ DE007_TRANSMISSION_DATE_TIME : 0614162215
│ DE011_STAN                   : 379005
│ DE070_NETWORK_CODE           : 302
├─────────────────────────────────────────────────
│ HEX : 30383030383232303030303030303030303030303034303030303030303030303030303030363134313632323135333739303035333032
└─────────────────────────────────────────────────
2026-06-14T16:22:15.736+01:00  INFO 13348 --- [sg-issuer] [mc-issuer-client-3914] com.staging.sg.issuer.issuer.McIssuer    : 
┌─────────────────────────────────────────────────
│ [ISSUING] SENT — 0810 Echo Test Response
├─────────────────────────────────────────────────
│ MTI                          : 0810
│ DE007_TRANSMISSION_DATE_TIME : 0614162215
│ DE011_STAN                   : 379005
│ DE039_RESPONSE_CODE          : 00
│ DE070_NETWORK_CODE           : 302
├─────────────────────────────────────────────────
│ HEX : 303831303832323030303030303230303030303030343030303030303030303030303030303631343136323231353337393030353030333032
└─────────────────────────────────────────────────
2026-06-14T16:23:15.734+01:00  INFO 13348 --- [sg-issuer] [mc-issuer-client-3915] com.staging.sg.issuer.issuer.McIssuer    : 
┌─────────────────────────────────────────────────
│ [ISSUING] RECEIVED — 0800 Echo Test
├─────────────────────────────────────────────────
│ MTI                          : 0800
│ DE007_TRANSMISSION_DATE_TIME : 0614162315
│ DE011_STAN                   : 239755
│ DE070_NETWORK_CODE           : 302
├─────────────────────────────────────────────────
│ HEX : 30383030383232303030303030303030303030303034303030303030303030303030303030363134313632333135323339373535333032
└─────────────────────────────────────────────────
2026-06-14T16:23:15.734+01:00  INFO 13348 --- [sg-issuer] [mc-issuer-client-3915] com.staging.sg.issuer.issuer.McIssuer    : 
┌─────────────────────────────────────────────────
│ [ISSUING] SENT — 0810 Echo Test Response
├─────────────────────────────────────────────────
│ MTI                          : 0810
│ DE007_TRANSMISSION_DATE_TIME : 0614162315
│ DE011_STAN                   : 239755
│ DE039_RESPONSE_CODE          : 00
│ DE070_NETWORK_CODE           : 302
├─────────────────────────────────────────────────
│ HEX : 303831303832323030303030303230303030303030343030303030303030303030303030303631343136323331353233393735353030333032
└─────────────────────────────────────────────────
2026-06-14T16:24:15.737+01:00  INFO 13348 --- [sg-issuer] [mc-issuer-client-3916] com.staging.sg.issuer.issuer.McIssuer    : 
┌─────────────────────────────────────────────────
│ [ISSUING] RECEIVED — 0800 Echo Test
├─────────────────────────────────────────────────
│ MTI                          : 0800
│ DE007_TRANSMISSION_DATE_TIME : 0614162415
│ DE011_STAN                   : 291828
│ DE070_NETWORK_CODE           : 302
├─────────────────────────────────────────────────
│ HEX : 30383030383232303030303030303030303030303034303030303030303030303030303030363134313632343135323931383238333032
└─────────────────────────────────────────────────
2026-06-14T16:24:15.738+01:00  INFO 13348 --- [sg-issuer] [mc-issuer-client-3916] com.staging.sg.issuer.issuer.McIssuer    : 
┌─────────────────────────────────────────────────
│ [ISSUING] SENT — 0810 Echo Test Response
├─────────────────────────────────────────────────
│ MTI                          : 0810
│ DE007_TRANSMISSION_DATE_TIME : 0614162415
│ DE011_STAN                   : 291828
│ DE039_RESPONSE_CODE          : 00
│ DE070_NETWORK_CODE           : 302
├─────────────────────────────────────────────────
│ HEX : 303831303832323030303030303230303030303030343030303030303030303030303030303631343136323431353239313832383030333032
└─────────────────────────────────────────────────
2026-06-14T16:25:15.734+01:00  INFO 13348 --- [sg-issuer] [mc-issuer-client-3917] com.staging.sg.issuer.issuer.McIssuer    : 
┌─────────────────────────────────────────────────
│ [ISSUING] RECEIVED — 0800 Echo Test
├─────────────────────────────────────────────────
│ MTI                          : 0800
│ DE007_TRANSMISSION_DATE_TIME : 0614162515
│ DE011_STAN                   : 034324
│ DE070_NETWORK_CODE           : 302
├─────────────────────────────────────────────────
│ HEX : 30383030383232303030303030303030303030303034303030303030303030303030303030363134313632353135303334333234333032
└─────────────────────────────────────────────────
2026-06-14T16:25:15.735+01:00  INFO 13348 --- [sg-issuer] [mc-issuer-client-3917] com.staging.sg.issuer.issuer.McIssuer    : 
┌─────────────────────────────────────────────────
│ [ISSUING] SENT — 0810 Echo Test Response
├─────────────────────────────────────────────────
│ MTI                          : 0810
│ DE007_TRANSMISSION_DATE_TIME : 0614162515
│ DE011_STAN                   : 034324
│ DE039_RESPONSE_CODE          : 00
│ DE070_NETWORK_CODE           : 302
├─────────────────────────────────────────────────
│ HEX : 303831303832323030303030303230303030303030343030303030303030303030303030303631343136323531353033343332343030333032
└─────────────────────────────────────────────────
2026-06-14T16:26:15.737+01:00  INFO 13348 --- [sg-issuer] [mc-issuer-client-3918] com.staging.sg.issuer.issuer.McIssuer    : 
┌─────────────────────────────────────────────────
│ [ISSUING] RECEIVED — 0800 Echo Test
├─────────────────────────────────────────────────
│ MTI                          : 0800
│ DE007_TRANSMISSION_DATE_TIME : 0614162615
│ DE011_STAN                   : 281996
│ DE070_NETWORK_CODE           : 302
├─────────────────────────────────────────────────
│ HEX : 30383030383232303030303030303030303030303034303030303030303030303030303030363134313632363135323831393936333032
└─────────────────────────────────────────────────
2026-06-14T16:26:15.740+01:00  INFO 13348 --- [sg-issuer] [mc-issuer-client-3918] com.staging.sg.issuer.issuer.McIssuer    : 
┌─────────────────────────────────────────────────
│ [ISSUING] SENT — 0810 Echo Test Response
├─────────────────────────────────────────────────
│ MTI                          : 0810
│ DE007_TRANSMISSION_DATE_TIME : 0614162615
│ DE011_STAN                   : 281996
│ DE039_RESPONSE_CODE          : 00
│ DE070_NETWORK_CODE           : 302
├─────────────────────────────────────────────────
│ HEX : 303831303832323030303030303230303030303030343030303030303030303030303030303631343136323631353238313939363030333032
└─────────────────────────────────────────────────
2026-06-14T16:27:15.739+01:00  INFO 13348 --- [sg-issuer] [mc-issuer-client-3919] com.staging.sg.issuer.issuer.McIssuer    : 
┌─────────────────────────────────────────────────
│ [ISSUING] RECEIVED — 0800 Echo Test
├─────────────────────────────────────────────────
│ MTI                          : 0800
│ DE007_TRANSMISSION_DATE_TIME : 0614162715
│ DE011_STAN                   : 349687
│ DE070_NETWORK_CODE           : 302
├─────────────────────────────────────────────────
│ HEX : 30383030383232303030303030303030303030303034303030303030303030303030303030363134313632373135333439363837333032
└─────────────────────────────────────────────────
2026-06-14T16:27:15.742+01:00  INFO 13348 --- [sg-issuer] [mc-issuer-client-3919] com.staging.sg.issuer.issuer.McIssuer    : 
┌─────────────────────────────────────────────────
│ [ISSUING] SENT — 0810 Echo Test Response
├─────────────────────────────────────────────────
│ MTI                          : 0810
│ DE007_TRANSMISSION_DATE_TIME : 0614162715
│ DE011_STAN                   : 349687
│ DE039_RESPONSE_CODE          : 00
│ DE070_NETWORK_CODE           : 302
├─────────────────────────────────────────────────
│ HEX : 303831303832323030303030303230303030303030343030303030303030303030303030303631343136323731353334393638373030333032
└─────────────────────────────────────────────────
2026-06-14T16:28:15.735+01:00  INFO 13348 --- [sg-issuer] [mc-issuer-client-3920] com.staging.sg.issuer.issuer.McIssuer    : 
┌─────────────────────────────────────────────────
│ [ISSUING] RECEIVED — 0800 Echo Test
├─────────────────────────────────────────────────
│ MTI                          : 0800
│ DE007_TRANSMISSION_DATE_TIME : 0614162815
│ DE011_STAN                   : 235018
│ DE070_NETWORK_CODE           : 302
├─────────────────────────────────────────────────
│ HEX : 30383030383232303030303030303030303030303034303030303030303030303030303030363134313632383135323335303138333032
└─────────────────────────────────────────────────
2026-06-14T16:28:15.735+01:00  INFO 13348 --- [sg-issuer] [mc-issuer-client-3920] com.staging.sg.issuer.issuer.McIssuer    : 
┌─────────────────────────────────────────────────
│ [ISSUING] SENT — 0810 Echo Test Response
├─────────────────────────────────────────────────
│ MTI                          : 0810
│ DE007_TRANSMISSION_DATE_TIME : 0614162815
│ DE011_STAN                   : 235018
│ DE039_RESPONSE_CODE          : 00
│ DE070_NETWORK_CODE           : 302
├─────────────────────────────────────────────────
│ HEX : 303831303832323030303030303230303030303030343030303030303030303030303030303631343136323831353233353031383030333032
└─────────────────────────────────────────────────
2026-06-14T16:29:15.737+01:00  INFO 13348 --- [sg-issuer] [mc-issuer-client-3921] com.staging.sg.issuer.issuer.McIssuer    : 
┌─────────────────────────────────────────────────
│ [ISSUING] RECEIVED — 0800 Echo Test
├─────────────────────────────────────────────────
│ MTI                          : 0800
│ DE007_TRANSMISSION_DATE_TIME : 0614162915
│ DE011_STAN                   : 812308
│ DE070_NETWORK_CODE           : 302
├─────────────────────────────────────────────────
│ HEX : 30383030383232303030303030303030303030303034303030303030303030303030303030363134313632393135383132333038333032
└─────────────────────────────────────────────────
2026-06-14T16:29:15.738+01:00  INFO 13348 --- [sg-issuer] [mc-issuer-client-3921] com.staging.sg.issuer.issuer.McIssuer    : 
┌─────────────────────────────────────────────────
│ [ISSUING] SENT — 0810 Echo Test Response
├─────────────────────────────────────────────────
│ MTI                          : 0810
│ DE007_TRANSMISSION_DATE_TIME : 0614162915
│ DE011_STAN                   : 812308
│ DE039_RESPONSE_CODE          : 00
│ DE070_NETWORK_CODE           : 302
├─────────────────────────────────────────────────
│ HEX : 303831303832323030303030303230303030303030343030303030303030303030303030303631343136323931353831323330383030333032
└─────────────────────────────────────────────────
2026-06-14T16:30:15.742+01:00  INFO 13348 --- [sg-issuer] [mc-issuer-client-3922] com.staging.sg.issuer.issuer.McIssuer    : 
┌─────────────────────────────────────────────────
│ [ISSUING] RECEIVED — 0800 Echo Test
├─────────────────────────────────────────────────
│ MTI                          : 0800
│ DE007_TRANSMISSION_DATE_TIME : 0614163015
│ DE011_STAN                   : 586524
│ DE070_NETWORK_CODE           : 302
├─────────────────────────────────────────────────
│ HEX : 30383030383232303030303030303030303030303034303030303030303030303030303030363134313633303135353836353234333032
└─────────────────────────────────────────────────
2026-06-14T16:30:15.746+01:00  INFO 13348 --- [sg-issuer] [mc-issuer-client-3922] com.staging.sg.issuer.issuer.McIssuer    : 
┌─────────────────────────────────────────────────
│ [ISSUING] SENT — 0810 Echo Test Response
├─────────────────────────────────────────────────
│ MTI                          : 0810
│ DE007_TRANSMISSION_DATE_TIME : 0614163015
│ DE011_STAN                   : 586524
│ DE039_RESPONSE_CODE          : 00
│ DE070_NETWORK_CODE           : 302
├─────────────────────────────────────────────────
│ HEX : 303831303832323030303030303230303030303030343030303030303030303030303030303631343136333031353538363532343030333032
└─────────────────────────────────────────────────
2026-06-14T16:31:15.755+01:00  INFO 13348 --- [sg-issuer] [mc-issuer-client-3923] com.staging.sg.issuer.issuer.McIssuer    : 
┌─────────────────────────────────────────────────
│ [ISSUING] RECEIVED — 0800 Echo Test
├─────────────────────────────────────────────────
│ MTI                          : 0800
│ DE007_TRANSMISSION_DATE_TIME : 0614163115
│ DE011_STAN                   : 610263
│ DE070_NETWORK_CODE           : 302
├─────────────────────────────────────────────────
│ HEX : 30383030383232303030303030303030303030303034303030303030303030303030303030363134313633313135363130323633333032
└─────────────────────────────────────────────────
2026-06-14T16:31:15.757+01:00  INFO 13348 --- [sg-issuer] [mc-issuer-client-3923] com.staging.sg.issuer.issuer.McIssuer    : 
┌─────────────────────────────────────────────────
│ [ISSUING] SENT — 0810 Echo Test Response
├─────────────────────────────────────────────────
│ MTI                          : 0810
│ DE007_TRANSMISSION_DATE_TIME : 0614163115
│ DE011_STAN                   : 610263
│ DE039_RESPONSE_CODE          : 00
│ DE070_NETWORK_CODE           : 302
├─────────────────────────────────────────────────
│ HEX : 303831303832323030303030303230303030303030343030303030303030303030303030303631343136333131353631303236333030333032
└─────────────────────────────────────────────────
2026-06-14T16:31:41.563+01:00  INFO 13348 --- [sg-issuer] [SpringApplicationShutdownHook] com.staging.sg.issuer.issuer.McIssuer    : [ISSUING] ISOServer stopped
2026-06-14T16:31:41.568+01:00  INFO 13348 --- [sg-issuer] [SpringApplicationShutdownHook] j.LocalContainerEntityManagerFactoryBean : Closing JPA EntityManagerFactory for persistence unit 'default'
2026-06-14T16:31:41.837+01:00  INFO 13348 --- [sg-issuer] [SpringApplicationShutdownHook] com.zaxxer.hikari.HikariDataSource       : HikariPool-1 - Shutdown initiated...
2026-06-14T16:31:41.973+01:00  INFO 13348 --- [sg-issuer] [SpringApplicationShutdownHook] com.zaxxer.hikari.HikariDataSource       : HikariPool-1 - Shutdown completed.
