2026-06-12 22:09:45.538 INFO  — [NETWORK] Step 1 — Key Exchange...
2026-06-12 22:09:45.540 INFO  — [KEY-EXCHANGE] Starting — ZMK{{KEK}} + ZPK{{ZMK}} + ZAK{{ZMK}}
2026-06-12 22:09:45.540 INFO  — [KEY-EXCHANGE] Step 1/3 — ZMK{{KEK}}...
2026-06-12 22:09:45.588 INFO  — [KEY-EXCHANGE] Sending 0820 FC=101 KCV=8BA8A4 to 127.0.0.1:8200
2026-06-12 22:09:45.597 INFO  — [KEY-EXCHANGE] 0830 received — FC=101 DE39=00
2026-06-12 22:09:45.598 INFO  — [KEY-EXCHANGE] ZMK accepted — KCV=8BA8A4
2026-06-12 22:09:45.598 INFO  — [KEY-EXCHANGE] Step 2/3 — ZPK{{ZMK}}...
2026-06-12 22:09:45.600 INFO  — [KEY-EXCHANGE] Sending 0820 FC=102 KCV=9218A4 to 127.0.0.1:8200
2026-06-12 22:09:45.604 INFO  — [KEY-EXCHANGE] 0830 received — FC=102 DE39=00
2026-06-12 22:09:45.604 INFO  — [KEY-EXCHANGE] ZPK accepted — KCV=9218A4
2026-06-12 22:09:45.604 INFO  — [KEY-EXCHANGE] Step 3/3 — ZAK{{ZMK}}...
2026-06-12 22:09:45.606 INFO  — [KEY-EXCHANGE] Sending 0820 FC=103 KCV=1BC115 to 127.0.0.1:8200
2026-06-12 22:09:45.609 INFO  — [KEY-EXCHANGE] 0830 received — FC=103 DE39=00
2026-06-12 22:09:45.610 INFO  — [KEY-EXCHANGE] ZAK accepted — KCV=1BC115
2026-06-12 22:09:45.611 INFO  — [KEY-EXCHANGE] Completed — ZMK=8BA8A4 ZPK=9218A4 ZAK=1BC115
2026-06-12 22:09:45.611 INFO  — [NETWORK] Key Exchange OK — ZMK=8BA8A4 ZPK=9218A4 ZAK=1BC115
2026-06-12 22:09:45.611 INFO  — [NETWORK] Step 2 — Sign-on...
2026-06-12 22:09:45.612 INFO  — [NETWORK] Sending 0800 Sign-on — STAN=171632
2026-06-12 22:09:45.614 INFO  — [NETWORK] 0810 Sign-on Response — DE39=00
2026-06-12 22:09:45.614 INFO  — [NETWORK] Sign-on OK — session established
2026-06-12 22:09:45.616 INFO  — [NETWORK] Heartbeat started — interval 60s
2026-06-12 22:10:45.618 DEBUG — [NETWORK] Sending 0800 Echo — STAN=448498
2026-06-12 22:10:45.630 INFO  — [NETWORK] 0810 Echo Response — DE39=00
