2026-06-14 11:04:54.220 INFO  — [ACQUIRING] Network manager stopped
2026-06-14 11:04:55.185 INFO  — [ACQUIRING] Step 1 — Key Exchange...
2026-06-14 11:04:55.186 INFO  — [ACQUIRING] Starting Key Exchange — ZMK{{KEK}} + ZPK{{ZMK}} + ZAK{{ZMK}}
2026-06-14 11:04:55.186 INFO  — [ACQUIRING] Step 1/3 — ZMK{{KEK}}...
2026-06-14 11:04:55.250 INFO  — 
┌─────────────────────────────────────────────────
│ [ACQUIRING] SENT — 0820 Key-Exchange ZMK{KEK}
├─────────────────────────────────────────────────
│ MTI                   : 0820
│ DE007 Date/Time       : 0614110455
│ DE011 STAN            : 252329
│ DE053 Security Info   : 8DFB0DF6CC31...
│ DE070 Network Code    : 101
│ KCV                   : 8DFB0D
├─────────────────────────────────────────────────
│ HEX : 303832303832323030303030303030303038303030343030303030303030303030303030303631343131303435353235323332393033383844464230444636434333313835413639413643354639413646384232423444444336323638313031
└─────────────────────────────────────────────────
2026-06-14 11:04:55.253 WARN  — [ACQUIRING] Startup failed : Connection refused: connect
2026-06-14 11:10:32.233 INFO  — [ACQUIRING] Step 1 — Key Exchange...
2026-06-14 11:10:32.233 INFO  — [ACQUIRING] Starting Key Exchange — ZMK{{KEK}} + ZPK{{ZMK}} + ZAK{{ZMK}}
2026-06-14 11:10:32.234 INFO  — [ACQUIRING] Step 1/3 — ZMK{{KEK}}...
2026-06-14 11:10:32.252 INFO  — 
┌─────────────────────────────────────────────────
│ [ACQUIRING] SENT — 0820 Key-Exchange ZMK{KEK}
├─────────────────────────────────────────────────
│ MTI                   : 0820
│ DE007 Date/Time       : 0614111032
│ DE011 STAN            : 508697
│ DE053 Security Info   : 52E65A0DC48C...
│ DE070 Network Code    : 101
│ KCV                   : 52E65A
├─────────────────────────────────────────────────
│ HEX : 303832303832323030303030303030303038303030343030303030303030303030303030303631343131313033323530383639373033383532453635413044433438434139344639353845394638313443444130413042394533393343313031
└─────────────────────────────────────────────────
2026-06-14 11:10:32.258 INFO  — 
┌─────────────────────────────────────────────────
│ [ACQUIRING] RECEIVED — 0830 Key-Exchange Response ZMK{KEK}
├─────────────────────────────────────────────────
│ MTI                   : 0830
│ DE007 Date/Time       : 0614111032
│ DE011 STAN            : 508697
│ DE039 Response Code   : 00
│ DE070 Network Code    : 101
├─────────────────────────────────────────────────
│ HEX : 303833303832323030303030303230303030303030343030303030303030303030303030303631343131313033323530383639373030313031
└─────────────────────────────────────────────────
2026-06-14 11:10:32.259 INFO  — [ACQUIRING] Key-Exchange ZMK{KEK} — DE39=00 success=true
2026-06-14 11:10:32.259 INFO  — [ACQUIRING] ZMK accepted — KCV=52E65A
2026-06-14 11:10:32.259 INFO  — [ACQUIRING] Step 2/3 — ZPK{{ZMK}}...
2026-06-14 11:10:32.261 INFO  — 
┌─────────────────────────────────────────────────
│ [ACQUIRING] SENT — 0820 Key-Exchange ZPK{ZMK}
├─────────────────────────────────────────────────
│ MTI                   : 0820
│ DE007 Date/Time       : 0614111032
│ DE011 STAN            : 407406
│ DE053 Security Info   : D8B9A528B88F...
│ DE070 Network Code    : 102
│ KCV                   : D8B9A5
├─────────────────────────────────────────────────
│ HEX : 303832303832323030303030303030303038303030343030303030303030303030303030303631343131313033323430373430363033384438423941353238423838463943333331363733313138414638303032363743313645383843313032
└─────────────────────────────────────────────────
2026-06-14 11:10:32.266 INFO  — 
┌─────────────────────────────────────────────────
│ [ACQUIRING] RECEIVED — 0830 Key-Exchange Response ZPK{ZMK}
├─────────────────────────────────────────────────
│ MTI                   : 0830
│ DE007 Date/Time       : 0614111032
│ DE011 STAN            : 407406
│ DE039 Response Code   : 00
│ DE070 Network Code    : 102
├─────────────────────────────────────────────────
│ HEX : 303833303832323030303030303230303030303030343030303030303030303030303030303631343131313033323430373430363030313032
└─────────────────────────────────────────────────
2026-06-14 11:10:32.266 INFO  — [ACQUIRING] Key-Exchange ZPK{ZMK} — DE39=00 success=true
2026-06-14 11:10:32.266 INFO  — [ACQUIRING] ZPK accepted — KCV=D8B9A5
2026-06-14 11:10:32.266 INFO  — [ACQUIRING] Step 3/3 — ZAK{{ZMK}}...
2026-06-14 11:10:32.268 INFO  — 
┌─────────────────────────────────────────────────
│ [ACQUIRING] SENT — 0820 Key-Exchange ZAK{ZMK}
├─────────────────────────────────────────────────
│ MTI                   : 0820
│ DE007 Date/Time       : 0614111032
│ DE011 STAN            : 530770
│ DE053 Security Info   : B25BC89962FE...
│ DE070 Network Code    : 103
│ KCV                   : B25BC8
├─────────────────────────────────────────────────
│ HEX : 303832303832323030303030303030303038303030343030303030303030303030303030303631343131313033323533303737303033384232354243383939363246454339303532334143464330313630434635383934413741313641313033
└─────────────────────────────────────────────────
2026-06-14 11:10:32.272 INFO  — 
┌─────────────────────────────────────────────────
│ [ACQUIRING] RECEIVED — 0830 Key-Exchange Response ZAK{ZMK}
├─────────────────────────────────────────────────
│ MTI                   : 0830
│ DE007 Date/Time       : 0614111032
│ DE011 STAN            : 530770
│ DE039 Response Code   : 00
│ DE070 Network Code    : 103
├─────────────────────────────────────────────────
│ HEX : 303833303832323030303030303230303030303030343030303030303030303030303030303631343131313033323533303737303030313033
└─────────────────────────────────────────────────
2026-06-14 11:10:32.272 INFO  — [ACQUIRING] Key-Exchange ZAK{ZMK} — DE39=00 success=true
2026-06-14 11:10:32.272 INFO  — [ACQUIRING] ZAK accepted — KCV=B25BC8
2026-06-14 11:10:32.273 INFO  — [ACQUIRING] Key Exchange completed — ZMK=52E65A ZPK=D8B9A5 ZAK=B25BC8
2026-06-14 11:10:32.273 INFO  — [ACQUIRING] Key Exchange OK — ZMK=52E65A ZPK=D8B9A5 ZAK=B25BC8
2026-06-14 11:10:32.273 INFO  — [ACQUIRING] Step 2 — Sign-on...
2026-06-14 11:10:32.274 INFO  — 
┌─────────────────────────────────────────────────
│ [ACQUIRING] SENT — 0800 Sign-on
├─────────────────────────────────────────────────
│ MTI                   : 0800
│ DE007 Date/Time       : 0614111032
│ DE011 STAN            : 992385
│ DE070 Network Code    : 301
├─────────────────────────────────────────────────
│ HEX : 30383030383232303030303030303030303030303034303030303030303030303030303030363134313131303332393932333835333031
└─────────────────────────────────────────────────
2026-06-14 11:10:32.276 INFO  — 
┌─────────────────────────────────────────────────
│ [ACQUIRING] RECEIVED — 0810 Sign-on Response
├─────────────────────────────────────────────────
│ MTI                   : 0810
│ DE007 Date/Time       : 0614111032
│ DE011 STAN            : 992385
│ DE039 Response Code   : 00
│ DE070 Network Code    : 301
├─────────────────────────────────────────────────
│ HEX : 303831303832323030303030303230303030303030343030303030303030303030303030303631343131313033323939323338353030333031
└─────────────────────────────────────────────────
2026-06-14 11:10:32.276 INFO  — [ACQUIRING] Sign-on — DE39=00 success=true
2026-06-14 11:10:32.276 INFO  — [ACQUIRING] Sign-on OK — session established
2026-06-14 11:10:32.277 INFO  — [ACQUIRING] Heartbeat started — interval 60s
2026-06-14 11:11:32.279 INFO  — 
┌─────────────────────────────────────────────────
│ [ACQUIRING] SENT — 0800 Echo Test
├─────────────────────────────────────────────────
│ MTI                   : 0800
│ DE007 Date/Time       : 0614111132
│ DE011 STAN            : 623098
│ DE070 Network Code    : 302
├─────────────────────────────────────────────────
│ HEX : 30383030383232303030303030303030303030303034303030303030303030303030303030363134313131313332363233303938333032
└─────────────────────────────────────────────────
2026-06-14 11:11:32.296 INFO  — 
┌─────────────────────────────────────────────────
│ [ACQUIRING] RECEIVED — 0810 Echo Response
├─────────────────────────────────────────────────
│ MTI                   : 0810
│ DE007 Date/Time       : 0614111132
│ DE011 STAN            : 623098
│ DE039 Response Code   : 00
│ DE070 Network Code    : 302
├─────────────────────────────────────────────────
│ HEX : 303831303832323030303030303230303030303030343030303030303030303030303030303631343131313133323632333039383030333032
└─────────────────────────────────────────────────
2026-06-14 11:11:32.296 INFO  — [ACQUIRING] Echo — DE39=00 success=true
2026-06-14 11:12:32.279 INFO  — 
┌─────────────────────────────────────────────────
│ [ACQUIRING] SENT — 0800 Echo Test
├─────────────────────────────────────────────────
│ MTI                   : 0800
│ DE007 Date/Time       : 0614111232
│ DE011 STAN            : 537561
│ DE070 Network Code    : 302
├─────────────────────────────────────────────────
│ HEX : 30383030383232303030303030303030303030303034303030303030303030303030303030363134313131323332353337353631333032
└─────────────────────────────────────────────────
2026-06-14 11:12:32.283 INFO  — 
┌─────────────────────────────────────────────────
│ [ACQUIRING] RECEIVED — 0810 Echo Response
├─────────────────────────────────────────────────
│ MTI                   : 0810
│ DE007 Date/Time       : 0614111232
│ DE011 STAN            : 537561
│ DE039 Response Code   : 00
│ DE070 Network Code    : 302
├─────────────────────────────────────────────────
│ HEX : 303831303832323030303030303230303030303030343030303030303030303030303030303631343131313233323533373536313030333032
└─────────────────────────────────────────────────
2026-06-14 11:12:32.283 INFO  — [ACQUIRING] Echo — DE39=00 success=true
2026-06-14 11:13:32.279 INFO  — 
┌─────────────────────────────────────────────────
│ [ACQUIRING] SENT — 0800 Echo Test
├─────────────────────────────────────────────────
│ MTI                   : 0800
│ DE007 Date/Time       : 0614111332
│ DE011 STAN            : 624190
│ DE070 Network Code    : 302
├─────────────────────────────────────────────────
│ HEX : 30383030383232303030303030303030303030303034303030303030303030303030303030363134313131333332363234313930333032
└─────────────────────────────────────────────────
2026-06-14 11:13:32.288 INFO  — 
┌─────────────────────────────────────────────────
│ [ACQUIRING] RECEIVED — 0810 Echo Response
├─────────────────────────────────────────────────
│ MTI                   : 0810
│ DE007 Date/Time       : 0614111332
│ DE011 STAN            : 624190
│ DE039 Response Code   : 00
│ DE070 Network Code    : 302
├─────────────────────────────────────────────────
│ HEX : 303831303832323030303030303230303030303030343030303030303030303030303030303631343131313333323632343139303030333032
└─────────────────────────────────────────────────
2026-06-14 11:13:32.290 INFO  — [ACQUIRING] Echo — DE39=00 success=true
2026-06-14 11:14:32.280 INFO  — 
┌─────────────────────────────────────────────────
│ [ACQUIRING] SENT — 0800 Echo Test
├─────────────────────────────────────────────────
│ MTI                   : 0800
│ DE007 Date/Time       : 0614111432
│ DE011 STAN            : 580238
│ DE070 Network Code    : 302
├─────────────────────────────────────────────────
│ HEX : 30383030383232303030303030303030303030303034303030303030303030303030303030363134313131343332353830323338333032
└─────────────────────────────────────────────────
2026-06-14 11:14:32.292 INFO  — 
┌─────────────────────────────────────────────────
│ [ACQUIRING] RECEIVED — 0810 Echo Response
├─────────────────────────────────────────────────
│ MTI                   : 0810
│ DE007 Date/Time       : 0614111432
│ DE011 STAN            : 580238
│ DE039 Response Code   : 00
│ DE070 Network Code    : 302
├─────────────────────────────────────────────────
│ HEX : 303831303832323030303030303230303030303030343030303030303030303030303030303631343131313433323538303233383030333032
└─────────────────────────────────────────────────
2026-06-14 11:14:32.293 INFO  — [ACQUIRING] Echo — DE39=00 success=true
2026-06-14 11:15:32.412 INFO  — 
┌─────────────────────────────────────────────────
│ [ACQUIRING] SENT — 0800 Echo Test
├─────────────────────────────────────────────────
│ MTI                   : 0800
│ DE007 Date/Time       : 0614111532
│ DE011 STAN            : 636050
│ DE070 Network Code    : 302
├─────────────────────────────────────────────────
│ HEX : 30383030383232303030303030303030303030303034303030303030303030303030303030363134313131353332363336303530333032
└─────────────────────────────────────────────────
2026-06-14 11:15:32.433 INFO  — 
┌─────────────────────────────────────────────────
│ [ACQUIRING] RECEIVED — 0810 Echo Response
├─────────────────────────────────────────────────
│ MTI                   : 0810
│ DE007 Date/Time       : 0614111532
│ DE011 STAN            : 636050
│ DE039 Response Code   : 00
│ DE070 Network Code    : 302
├─────────────────────────────────────────────────
│ HEX : 303831303832323030303030303230303030303030343030303030303030303030303030303631343131313533323633363035303030333032
└─────────────────────────────────────────────────
2026-06-14 11:15:32.433 INFO  — [ACQUIRING] Echo — DE39=00 success=true
2026-06-14 11:16:32.279 INFO  — 
┌─────────────────────────────────────────────────
│ [ACQUIRING] SENT — 0800 Echo Test
├─────────────────────────────────────────────────
│ MTI                   : 0800
│ DE007 Date/Time       : 0614111632
│ DE011 STAN            : 809417
│ DE070 Network Code    : 302
├─────────────────────────────────────────────────
│ HEX : 30383030383232303030303030303030303030303034303030303030303030303030303030363134313131363332383039343137333032
└─────────────────────────────────────────────────
2026-06-14 11:16:32.283 INFO  — 
┌─────────────────────────────────────────────────
│ [ACQUIRING] RECEIVED — 0810 Echo Response
├─────────────────────────────────────────────────
│ MTI                   : 0810
│ DE007 Date/Time       : 0614111632
│ DE011 STAN            : 809417
│ DE039 Response Code   : 00
│ DE070 Network Code    : 302
├─────────────────────────────────────────────────
│ HEX : 303831303832323030303030303230303030303030343030303030303030303030303030303631343131313633323830393431373030333032
└─────────────────────────────────────────────────
2026-06-14 11:16:32.284 INFO  — [ACQUIRING] Echo — DE39=00 success=true
2026-06-14 11:17:32.281 INFO  — 
┌─────────────────────────────────────────────────
│ [ACQUIRING] SENT — 0800 Echo Test
├─────────────────────────────────────────────────
│ MTI                   : 0800
│ DE007 Date/Time       : 0614111732
│ DE011 STAN            : 289319
│ DE070 Network Code    : 302
├─────────────────────────────────────────────────
│ HEX : 30383030383232303030303030303030303030303034303030303030303030303030303030363134313131373332323839333139333032
└─────────────────────────────────────────────────
2026-06-14 11:17:32.301 INFO  — 
┌─────────────────────────────────────────────────
│ [ACQUIRING] RECEIVED — 0810 Echo Response
├─────────────────────────────────────────────────
│ MTI                   : 0810
│ DE007 Date/Time       : 0614111732
│ DE011 STAN            : 289319
│ DE039 Response Code   : 00
│ DE070 Network Code    : 302
├─────────────────────────────────────────────────
│ HEX : 303831303832323030303030303230303030303030343030303030303030303030303030303631343131313733323238393331393030333032
└─────────────────────────────────────────────────
2026-06-14 11:17:32.301 INFO  — [ACQUIRING] Echo — DE39=00 success=true
2026-06-14 11:18:32.276 INFO  — 
┌─────────────────────────────────────────────────
│ [ACQUIRING] SENT — 0800 Echo Test
├─────────────────────────────────────────────────
│ MTI                   : 0800
│ DE007 Date/Time       : 0614111832
│ DE011 STAN            : 240481
│ DE070 Network Code    : 302
├─────────────────────────────────────────────────
│ HEX : 30383030383232303030303030303030303030303034303030303030303030303030303030363134313131383332323430343831333032
└─────────────────────────────────────────────────
2026-06-14 11:18:32.291 INFO  — 
┌─────────────────────────────────────────────────
│ [ACQUIRING] RECEIVED — 0810 Echo Response
├─────────────────────────────────────────────────
│ MTI                   : 0810
│ DE007 Date/Time       : 0614111832
│ DE011 STAN            : 240481
│ DE039 Response Code   : 00
│ DE070 Network Code    : 302
├─────────────────────────────────────────────────
│ HEX : 303831303832323030303030303230303030303030343030303030303030303030303030303631343131313833323234303438313030333032
└─────────────────────────────────────────────────
2026-06-14 11:18:32.292 INFO  — [ACQUIRING] Echo — DE39=00 success=true
2026-06-14 11:18:36.009 INFO  — [ACQUIRING] Network manager stopped
2026-06-14 11:18:58.815 INFO  — [ACQUIRING] Step 1 — Key Exchange...
2026-06-14 11:18:58.816 INFO  — [ACQUIRING] Starting Key Exchange — ZMK{{KEK}} + ZPK{{ZMK}} + ZAK{{ZMK}}
2026-06-14 11:18:58.816 INFO  — [ACQUIRING] Step 1/3 — ZMK{{KEK}}...
2026-06-14 11:18:58.840 INFO  — 
┌─────────────────────────────────────────────────
│ [ACQUIRING] SENT — 0820 Key-Exchange ZMK{KEK}
├─────────────────────────────────────────────────
│ MTI                   : 0820
│ DE007 Date/Time       : 0614111858
│ DE011 STAN            : 860044
│ DE053 Security Info   : F5CA22410772...
│ DE070 Network Code    : 101
│ KCV                   : F5CA22
├─────────────────────────────────────────────────
│ HEX : 303832303832323030303030303030303038303030343030303030303030303030303030303631343131313835383836303034343033384635434132323431303737324141463341334332333933343535424443424239383033453839313031
└─────────────────────────────────────────────────
2026-06-14 11:18:58.847 INFO  — 
┌─────────────────────────────────────────────────
│ [ACQUIRING] RECEIVED — 0830 Key-Exchange Response ZMK{KEK}
├─────────────────────────────────────────────────
│ MTI                   : 0830
│ DE007 Date/Time       : 0614111858
│ DE011 STAN            : 860044
│ DE039 Response Code   : 00
│ DE070 Network Code    : 101
├─────────────────────────────────────────────────
│ HEX : 303833303832323030303030303230303030303030343030303030303030303030303030303631343131313835383836303034343030313031
└─────────────────────────────────────────────────
2026-06-14 11:18:58.848 INFO  — [ACQUIRING] Key-Exchange ZMK{KEK} — DE39=00 success=true
2026-06-14 11:18:58.849 INFO  — [ACQUIRING] ZMK accepted — KCV=F5CA22
2026-06-14 11:18:58.849 INFO  — [ACQUIRING] Step 2/3 — ZPK{{ZMK}}...
2026-06-14 11:18:58.851 INFO  — 
┌─────────────────────────────────────────────────
│ [ACQUIRING] SENT — 0820 Key-Exchange ZPK{ZMK}
├─────────────────────────────────────────────────
│ MTI                   : 0820
│ DE007 Date/Time       : 0614111858
│ DE011 STAN            : 023325
│ DE053 Security Info   : C84AFF9624E2...
│ DE070 Network Code    : 102
│ KCV                   : C84AFF
├─────────────────────────────────────────────────
│ HEX : 303832303832323030303030303030303038303030343030303030303030303030303030303631343131313835383032333332353033384338344146463936323445323946363231423132323830434143423436414243413333444639313032
└─────────────────────────────────────────────────
2026-06-14 11:18:58.856 INFO  — 
┌─────────────────────────────────────────────────
│ [ACQUIRING] RECEIVED — 0830 Key-Exchange Response ZPK{ZMK}
├─────────────────────────────────────────────────
│ MTI                   : 0830
│ DE007 Date/Time       : 0614111858
│ DE011 STAN            : 023325
│ DE039 Response Code   : 00
│ DE070 Network Code    : 102
├─────────────────────────────────────────────────
│ HEX : 303833303832323030303030303230303030303030343030303030303030303030303030303631343131313835383032333332353030313032
└─────────────────────────────────────────────────
2026-06-14 11:18:58.856 INFO  — [ACQUIRING] Key-Exchange ZPK{ZMK} — DE39=00 success=true
2026-06-14 11:18:58.856 INFO  — [ACQUIRING] ZPK accepted — KCV=C84AFF
2026-06-14 11:18:58.857 INFO  — [ACQUIRING] Step 3/3 — ZAK{{ZMK}}...
2026-06-14 11:18:58.858 INFO  — 
┌─────────────────────────────────────────────────
│ [ACQUIRING] SENT — 0820 Key-Exchange ZAK{ZMK}
├─────────────────────────────────────────────────
│ MTI                   : 0820
│ DE007 Date/Time       : 0614111858
│ DE011 STAN            : 401897
│ DE053 Security Info   : 41F4CCE17C12...
│ DE070 Network Code    : 103
│ KCV                   : 41F4CC
├─────────────────────────────────────────────────
│ HEX : 303832303832323030303030303030303038303030343030303030303030303030303030303631343131313835383430313839373033383431463443434531374331323330343236333532314443414531444534434135453532384637313033
└─────────────────────────────────────────────────
2026-06-14 11:18:58.864 INFO  — 
┌─────────────────────────────────────────────────
│ [ACQUIRING] RECEIVED — 0830 Key-Exchange Response ZAK{ZMK}
├─────────────────────────────────────────────────
│ MTI                   : 0830
│ DE007 Date/Time       : 0614111858
│ DE011 STAN            : 401897
│ DE039 Response Code   : 00
│ DE070 Network Code    : 103
├─────────────────────────────────────────────────
│ HEX : 303833303832323030303030303230303030303030343030303030303030303030303030303631343131313835383430313839373030313033
└─────────────────────────────────────────────────
2026-06-14 11:18:58.864 INFO  — [ACQUIRING] Key-Exchange ZAK{ZMK} — DE39=00 success=true
2026-06-14 11:18:58.865 INFO  — [ACQUIRING] ZAK accepted — KCV=41F4CC
2026-06-14 11:18:58.866 INFO  — [ACQUIRING] Key Exchange completed — ZMK=F5CA22 ZPK=C84AFF ZAK=41F4CC
2026-06-14 11:18:58.866 INFO  — [ACQUIRING] Key Exchange OK — ZMK=F5CA22 ZPK=C84AFF ZAK=41F4CC
2026-06-14 11:18:58.866 INFO  — [ACQUIRING] Step 2 — Sign-on...
2026-06-14 11:18:58.866 INFO  — 
┌─────────────────────────────────────────────────
│ [ACQUIRING] SENT — 0800 Sign-on
├─────────────────────────────────────────────────
│ MTI                   : 0800
│ DE007 Date/Time       : 0614111858
│ DE011 STAN            : 915855
│ DE070 Network Code    : 301
├─────────────────────────────────────────────────
│ HEX : 30383030383232303030303030303030303030303034303030303030303030303030303030363134313131383538393135383535333031
└─────────────────────────────────────────────────
2026-06-14 11:18:58.869 INFO  — 
┌─────────────────────────────────────────────────
│ [ACQUIRING] RECEIVED — 0810 Sign-on Response
├─────────────────────────────────────────────────
│ MTI                   : 0810
│ DE007 Date/Time       : 0614111858
│ DE011 STAN            : 915855
│ DE039 Response Code   : 00
│ DE070 Network Code    : 301
├─────────────────────────────────────────────────
│ HEX : 303831303832323030303030303230303030303030343030303030303030303030303030303631343131313835383931353835353030333031
└─────────────────────────────────────────────────
2026-06-14 11:18:58.870 INFO  — [ACQUIRING] Sign-on — DE39=00 success=true
2026-06-14 11:18:58.870 INFO  — [ACQUIRING] Sign-on OK — session established
2026-06-14 11:18:58.871 INFO  — [ACQUIRING] Heartbeat started — interval 60s
2026-06-14 11:19:58.890 INFO  — 
┌─────────────────────────────────────────────────
│ [ACQUIRING] SENT — 0800 Echo Test
├─────────────────────────────────────────────────
│ MTI                   : 0800
│ DE007 Date/Time       : 0614111958
│ DE011 STAN            : 553735
│ DE070 Network Code    : 302
├─────────────────────────────────────────────────
│ HEX : 30383030383232303030303030303030303030303034303030303030303030303030303030363134313131393538353533373335333032
└─────────────────────────────────────────────────
2026-06-14 11:19:58.907 INFO  — 
┌─────────────────────────────────────────────────
│ [ACQUIRING] RECEIVED — 0810 Echo Response
├─────────────────────────────────────────────────
│ MTI                   : 0810
│ DE007 Date/Time       : 0614111958
│ DE011 STAN            : 553735
│ DE039 Response Code   : 00
│ DE070 Network Code    : 302
├─────────────────────────────────────────────────
│ HEX : 303831303832323030303030303230303030303030343030303030303030303030303030303631343131313935383535333733353030333032
└─────────────────────────────────────────────────
2026-06-14 11:19:58.908 INFO  — [ACQUIRING] Echo — DE39=00 success=true
2026-06-14 11:20:58.914 INFO  — 
┌─────────────────────────────────────────────────
│ [ACQUIRING] SENT — 0800 Echo Test
├─────────────────────────────────────────────────
│ MTI                   : 0800
│ DE007 Date/Time       : 0614112058
│ DE011 STAN            : 841103
│ DE070 Network Code    : 302
├─────────────────────────────────────────────────
│ HEX : 30383030383232303030303030303030303030303034303030303030303030303030303030363134313132303538383431313033333032
└─────────────────────────────────────────────────
2026-06-14 11:20:58.955 INFO  — 
┌─────────────────────────────────────────────────
│ [ACQUIRING] RECEIVED — 0810 Echo Response
├─────────────────────────────────────────────────
│ MTI                   : 0810
│ DE007 Date/Time       : 0614112058
│ DE011 STAN            : 841103
│ DE039 Response Code   : 00
│ DE070 Network Code    : 302
├─────────────────────────────────────────────────
│ HEX : 303831303832323030303030303230303030303030343030303030303030303030303030303631343131323035383834313130333030333032
└─────────────────────────────────────────────────
2026-06-14 11:20:58.955 INFO  — [ACQUIRING] Echo — DE39=00 success=true
2026-06-14 11:21:49.424 INFO  — [ACQUIRING] Network manager stopped
2026-06-14 11:22:07.188 INFO  — [ACQUIRING] Step 1 — Key Exchange...
2026-06-14 11:22:07.189 INFO  — [ACQUIRING] Starting Key Exchange — ZMK{{KEK}} + ZPK{{ZMK}} + ZAK{{ZMK}}
2026-06-14 11:22:07.190 INFO  — [ACQUIRING] Step 1/3 — ZMK{{KEK}}...
2026-06-14 11:22:07.222 INFO  — 
┌─────────────────────────────────────────────────
│ [ACQUIRING] SENT — 0820 Key-Exchange ZMK{KEK}
├─────────────────────────────────────────────────
│ MTI                   : 0820
│ DE007 Date/Time       : 0614112207
│ DE011 STAN            : 709153
│ DE053 Security Info   : 29D0B18D09F1...
│ DE070 Network Code    : 101
│ KCV                   : 29D0B1
├─────────────────────────────────────────────────
│ HEX : 303832303832323030303030303030303038303030343030303030303030303030303030303631343131323230373730393135333033383239443042313844303946313441323445344231303031364542443146414435314544343037313031
└─────────────────────────────────────────────────
2026-06-14 11:22:07.232 INFO  — 
┌─────────────────────────────────────────────────
│ [ACQUIRING] RECEIVED — 0830 Key-Exchange Response ZMK{KEK}
├─────────────────────────────────────────────────
│ MTI                   : 0830
│ DE007 Date/Time       : 0614112207
│ DE011 STAN            : 709153
│ DE039 Response Code   : 00
│ DE070 Network Code    : 101
├─────────────────────────────────────────────────
│ HEX : 303833303832323030303030303230303030303030343030303030303030303030303030303631343131323230373730393135333030313031
└─────────────────────────────────────────────────
2026-06-14 11:22:07.232 INFO  — [ACQUIRING] Key-Exchange ZMK{KEK} — DE39=00 success=true
2026-06-14 11:22:07.234 INFO  — [ACQUIRING] ZMK accepted — KCV=29D0B1
2026-06-14 11:22:07.234 INFO  — [ACQUIRING] Step 2/3 — ZPK{{ZMK}}...
2026-06-14 11:22:07.240 INFO  — 
┌─────────────────────────────────────────────────
│ [ACQUIRING] SENT — 0820 Key-Exchange ZPK{ZMK}
├─────────────────────────────────────────────────
│ MTI                   : 0820
│ DE007 Date/Time       : 0614112207
│ DE011 STAN            : 632000
│ DE053 Security Info   : 8D64772B44D0...
│ DE070 Network Code    : 102
│ KCV                   : 8D6477
├─────────────────────────────────────────────────
│ HEX : 303832303832323030303030303030303038303030343030303030303030303030303030303631343131323230373633323030303033383844363437373242343444303833323139373836383433334642463943414143343041334135313032
└─────────────────────────────────────────────────
2026-06-14 11:22:07.305 INFO  — 
┌─────────────────────────────────────────────────
│ [ACQUIRING] RECEIVED — 0830 Key-Exchange Response ZPK{ZMK}
├─────────────────────────────────────────────────
│ MTI                   : 0830
│ DE007 Date/Time       : 0614112207
│ DE011 STAN            : 632000
│ DE039 Response Code   : 00
│ DE070 Network Code    : 102
├─────────────────────────────────────────────────
│ HEX : 303833303832323030303030303230303030303030343030303030303030303030303030303631343131323230373633323030303030313032
└─────────────────────────────────────────────────
2026-06-14 11:22:07.306 INFO  — [ACQUIRING] Key-Exchange ZPK{ZMK} — DE39=00 success=true
2026-06-14 11:22:07.306 INFO  — [ACQUIRING] ZPK accepted — KCV=8D6477
2026-06-14 11:22:07.307 INFO  — [ACQUIRING] Step 3/3 — ZAK{{ZMK}}...
2026-06-14 11:22:07.311 INFO  — 
┌─────────────────────────────────────────────────
│ [ACQUIRING] SENT — 0820 Key-Exchange ZAK{ZMK}
├─────────────────────────────────────────────────
│ MTI                   : 0820
│ DE007 Date/Time       : 0614112207
│ DE011 STAN            : 281806
│ DE053 Security Info   : 14A518109AE9...
│ DE070 Network Code    : 103
│ KCV                   : 14A518
├─────────────────────────────────────────────────
│ HEX : 303832303832323030303030303030303038303030343030303030303030303030303030303631343131323230373238313830363033383134413531383130394145393433463732373944303543313145383137453330463844433834313033
└─────────────────────────────────────────────────
2026-06-14 11:22:07.330 INFO  — 
┌─────────────────────────────────────────────────
│ [ACQUIRING] RECEIVED — 0830 Key-Exchange Response ZAK{ZMK}
├─────────────────────────────────────────────────
│ MTI                   : 0830
│ DE007 Date/Time       : 0614112207
│ DE011 STAN            : 281806
│ DE039 Response Code   : 00
│ DE070 Network Code    : 103
├─────────────────────────────────────────────────
│ HEX : 303833303832323030303030303230303030303030343030303030303030303030303030303631343131323230373238313830363030313033
└─────────────────────────────────────────────────
2026-06-14 11:22:07.330 INFO  — [ACQUIRING] Key-Exchange ZAK{ZMK} — DE39=00 success=true
2026-06-14 11:22:07.330 INFO  — [ACQUIRING] ZAK accepted — KCV=14A518
2026-06-14 11:22:07.332 INFO  — [ACQUIRING] Key Exchange completed — ZMK=29D0B1 ZPK=8D6477 ZAK=14A518
2026-06-14 11:22:07.333 INFO  — [ACQUIRING] Key Exchange OK — ZMK=29D0B1 ZPK=8D6477 ZAK=14A518
2026-06-14 11:22:07.333 INFO  — [ACQUIRING] Step 2 — Sign-on...
2026-06-14 11:22:07.334 INFO  — 
┌─────────────────────────────────────────────────
│ [ACQUIRING] SENT — 0800 Sign-on
├─────────────────────────────────────────────────
│ MTI                   : 0800
│ DE007 Date/Time       : 0614112207
│ DE011 STAN            : 755267
│ DE070 Network Code    : 301
├─────────────────────────────────────────────────
│ HEX : 30383030383232303030303030303030303030303034303030303030303030303030303030363134313132323037373535323637333031
└─────────────────────────────────────────────────
2026-06-14 11:22:07.395 INFO  — 
┌─────────────────────────────────────────────────
│ [ACQUIRING] RECEIVED — 0810 Sign-on Response
├─────────────────────────────────────────────────
│ MTI                   : 0810
│ DE007 Date/Time       : 0614112207
│ DE011 STAN            : 755267
│ DE039 Response Code   : 00
│ DE070 Network Code    : 301
├─────────────────────────────────────────────────
│ HEX : 303831303832323030303030303230303030303030343030303030303030303030303030303631343131323230373735353236373030333031
└─────────────────────────────────────────────────
2026-06-14 11:22:07.396 INFO  — [ACQUIRING] Sign-on — DE39=00 success=true
2026-06-14 11:22:07.399 INFO  — [ACQUIRING] Sign-on OK — session established
2026-06-14 11:22:07.401 INFO  — [ACQUIRING] Heartbeat started — interval 60s
2026-06-14 11:23:07.400 INFO  — 
┌─────────────────────────────────────────────────
│ [ACQUIRING] SENT — 0800 Echo Test
├─────────────────────────────────────────────────
│ MTI                   : 0800
│ DE007 Date/Time       : 0614112307
│ DE011 STAN            : 931118
│ DE070 Network Code    : 302
├─────────────────────────────────────────────────
│ HEX : 30383030383232303030303030303030303030303034303030303030303030303030303030363134313132333037393331313138333032
└─────────────────────────────────────────────────
2026-06-14 11:23:07.404 INFO  — 
┌─────────────────────────────────────────────────
│ [ACQUIRING] RECEIVED — 0810 Echo Response
├─────────────────────────────────────────────────
│ MTI                   : 0810
│ DE007 Date/Time       : 0614112307
│ DE011 STAN            : 931118
│ DE039 Response Code   : 00
│ DE070 Network Code    : 302
├─────────────────────────────────────────────────
│ HEX : 303831303832323030303030303230303030303030343030303030303030303030303030303631343131323330373933313131383030333032
└─────────────────────────────────────────────────
2026-06-14 11:23:07.404 INFO  — [ACQUIRING] Echo — DE39=00 success=true
2026-06-14 11:24:07.397 INFO  — 
┌─────────────────────────────────────────────────
│ [ACQUIRING] SENT — 0800 Echo Test
├─────────────────────────────────────────────────
│ MTI                   : 0800
│ DE007 Date/Time       : 0614112407
│ DE011 STAN            : 446310
│ DE070 Network Code    : 302
├─────────────────────────────────────────────────
│ HEX : 30383030383232303030303030303030303030303034303030303030303030303030303030363134313132343037343436333130333032
└─────────────────────────────────────────────────
2026-06-14 11:24:07.402 INFO  — 
┌─────────────────────────────────────────────────
│ [ACQUIRING] RECEIVED — 0810 Echo Response
├─────────────────────────────────────────────────
│ MTI                   : 0810
│ DE007 Date/Time       : 0614112407
│ DE011 STAN            : 446310
│ DE039 Response Code   : 00
│ DE070 Network Code    : 302
├─────────────────────────────────────────────────
│ HEX : 303831303832323030303030303230303030303030343030303030303030303030303030303631343131323430373434363331303030333032
└─────────────────────────────────────────────────
2026-06-14 11:24:07.402 INFO  — [ACQUIRING] Echo — DE39=00 success=true
2026-06-14 11:25:07.398 INFO  — 
┌─────────────────────────────────────────────────
│ [ACQUIRING] SENT — 0800 Echo Test
├─────────────────────────────────────────────────
│ MTI                   : 0800
│ DE007 Date/Time       : 0614112507
│ DE011 STAN            : 664907
│ DE070 Network Code    : 302
├─────────────────────────────────────────────────
│ HEX : 30383030383232303030303030303030303030303034303030303030303030303030303030363134313132353037363634393037333032
└─────────────────────────────────────────────────
2026-06-14 11:25:07.413 INFO  — 
┌─────────────────────────────────────────────────
│ [ACQUIRING] RECEIVED — 0810 Echo Response
├─────────────────────────────────────────────────
│ MTI                   : 0810
│ DE007 Date/Time       : 0614112507
│ DE011 STAN            : 664907
│ DE039 Response Code   : 00
│ DE070 Network Code    : 302
├─────────────────────────────────────────────────
│ HEX : 303831303832323030303030303230303030303030343030303030303030303030303030303631343131323530373636343930373030333032
└─────────────────────────────────────────────────
2026-06-14 11:25:07.414 INFO  — [ACQUIRING] Echo — DE39=00 success=true
2026-06-14 11:26:07.393 INFO  — 
┌─────────────────────────────────────────────────
│ [ACQUIRING] SENT — 0800 Echo Test
├─────────────────────────────────────────────────
│ MTI                   : 0800
│ DE007 Date/Time       : 0614112607
│ DE011 STAN            : 989259
│ DE070 Network Code    : 302
├─────────────────────────────────────────────────
│ HEX : 30383030383232303030303030303030303030303034303030303030303030303030303030363134313132363037393839323539333032
└─────────────────────────────────────────────────
2026-06-14 11:26:07.405 INFO  — 
┌─────────────────────────────────────────────────
│ [ACQUIRING] RECEIVED — 0810 Echo Response
├─────────────────────────────────────────────────
│ MTI                   : 0810
│ DE007 Date/Time       : 0614112607
│ DE011 STAN            : 989259
│ DE039 Response Code   : 00
│ DE070 Network Code    : 302
├─────────────────────────────────────────────────
│ HEX : 303831303832323030303030303230303030303030343030303030303030303030303030303631343131323630373938393235393030333032
└─────────────────────────────────────────────────
2026-06-14 11:26:07.405 INFO  — [ACQUIRING] Echo — DE39=00 success=true
2026-06-14 11:26:41.907 INFO  — [ACQUIRING] Network manager stopped
2026-06-14 11:26:59.586 INFO  — [ACQUIRING] Step 1 — Key Exchange...
2026-06-14 11:26:59.586 INFO  — [ACQUIRING] Starting Key Exchange — ZMK{{KEK}} + ZPK{{ZMK}} + ZAK{{ZMK}}
2026-06-14 11:26:59.586 INFO  — [ACQUIRING] Step 1/3 — ZMK{{KEK}}...
2026-06-14 11:26:59.604 INFO  — 
┌─────────────────────────────────────────────────
│ [ACQUIRING] SENT — 0820 Key-Exchange ZMK{KEK}
├─────────────────────────────────────────────────
│ MTI                   : 0820
│ DE007 Date/Time       : 0614112659
│ DE011 STAN            : 362418
│ DE053 Security Info   : E99941541F85...
│ DE070 Network Code    : 101
│ KCV                   : E99941
├─────────────────────────────────────────────────
│ HEX : 303832303832323030303030303030303038303030343030303030303030303030303030303631343131323635393336323431383033384539393934313534314638353337443637433330384438433533413942414534433031423537313031
└─────────────────────────────────────────────────
2026-06-14 11:26:59.610 INFO  — 
┌─────────────────────────────────────────────────
│ [ACQUIRING] RECEIVED — 0830 Key-Exchange Response ZMK{KEK}
├─────────────────────────────────────────────────
│ MTI                   : 0830
│ DE007 Date/Time       : 0614112659
│ DE011 STAN            : 362418
│ DE039 Response Code   : 00
│ DE070 Network Code    : 101
├─────────────────────────────────────────────────
│ HEX : 303833303832323030303030303230303030303030343030303030303030303030303030303631343131323635393336323431383030313031
└─────────────────────────────────────────────────
2026-06-14 11:26:59.610 INFO  — [ACQUIRING] Key-Exchange ZMK{KEK} — DE39=00 success=true
2026-06-14 11:26:59.611 INFO  — [ACQUIRING] ZMK accepted — KCV=E99941
2026-06-14 11:26:59.611 INFO  — [ACQUIRING] Step 2/3 — ZPK{{ZMK}}...
2026-06-14 11:26:59.614 INFO  — 
┌─────────────────────────────────────────────────
│ [ACQUIRING] SENT — 0820 Key-Exchange ZPK{ZMK}
├─────────────────────────────────────────────────
│ MTI                   : 0820
│ DE007 Date/Time       : 0614112659
│ DE011 STAN            : 014488
│ DE053 Security Info   : 582808EFC751...
│ DE070 Network Code    : 102
│ KCV                   : 582808
├─────────────────────────────────────────────────
│ HEX : 303832303832323030303030303030303038303030343030303030303030303030303030303631343131323635393031343438383033383538323830384546433735314437303233453432423731393838354638453137464246374637313032
└─────────────────────────────────────────────────
2026-06-14 11:26:59.623 INFO  — 
┌─────────────────────────────────────────────────
│ [ACQUIRING] RECEIVED — 0830 Key-Exchange Response ZPK{ZMK}
├─────────────────────────────────────────────────
│ MTI                   : 0830
│ DE007 Date/Time       : 0614112659
│ DE011 STAN            : 014488
│ DE039 Response Code   : 00
│ DE070 Network Code    : 102
├─────────────────────────────────────────────────
│ HEX : 303833303832323030303030303230303030303030343030303030303030303030303030303631343131323635393031343438383030313032
└─────────────────────────────────────────────────
2026-06-14 11:26:59.623 INFO  — [ACQUIRING] Key-Exchange ZPK{ZMK} — DE39=00 success=true
2026-06-14 11:26:59.624 INFO  — [ACQUIRING] ZPK accepted — KCV=582808
2026-06-14 11:26:59.624 INFO  — [ACQUIRING] Step 3/3 — ZAK{{ZMK}}...
2026-06-14 11:26:59.626 INFO  — 
┌─────────────────────────────────────────────────
│ [ACQUIRING] SENT — 0820 Key-Exchange ZAK{ZMK}
├─────────────────────────────────────────────────
│ MTI                   : 0820
│ DE007 Date/Time       : 0614112659
│ DE011 STAN            : 527710
│ DE053 Security Info   : CC0267757241...
│ DE070 Network Code    : 103
│ KCV                   : CC0267
├─────────────────────────────────────────────────
│ HEX : 303832303832323030303030303030303038303030343030303030303030303030303030303631343131323635393532373731303033384343303236373735373234313230373642333245453943463732314630413037333535313837313033
└─────────────────────────────────────────────────
2026-06-14 11:26:59.631 INFO  — 
┌─────────────────────────────────────────────────
│ [ACQUIRING] RECEIVED — 0830 Key-Exchange Response ZAK{ZMK}
├─────────────────────────────────────────────────
│ MTI                   : 0830
│ DE007 Date/Time       : 0614112659
│ DE011 STAN            : 527710
│ DE039 Response Code   : 00
│ DE070 Network Code    : 103
├─────────────────────────────────────────────────
│ HEX : 303833303832323030303030303230303030303030343030303030303030303030303030303631343131323635393532373731303030313033
└─────────────────────────────────────────────────
2026-06-14 11:26:59.632 INFO  — [ACQUIRING] Key-Exchange ZAK{ZMK} — DE39=00 success=true
2026-06-14 11:26:59.632 INFO  — [ACQUIRING] ZAK accepted — KCV=CC0267
2026-06-14 11:26:59.633 INFO  — [ACQUIRING] Key Exchange completed — ZMK=E99941 ZPK=582808 ZAK=CC0267
2026-06-14 11:26:59.633 INFO  — [ACQUIRING] Key Exchange OK — ZMK=E99941 ZPK=582808 ZAK=CC0267
2026-06-14 11:26:59.633 INFO  — [ACQUIRING] Step 2 — Sign-on...
2026-06-14 11:26:59.634 INFO  — 
┌─────────────────────────────────────────────────
│ [ACQUIRING] SENT — 0800 Sign-on
├─────────────────────────────────────────────────
│ MTI                   : 0800
│ DE007 Date/Time       : 0614112659
│ DE011 STAN            : 524823
│ DE070 Network Code    : 301
├─────────────────────────────────────────────────
│ HEX : 30383030383232303030303030303030303030303034303030303030303030303030303030363134313132363539353234383233333031
└─────────────────────────────────────────────────
2026-06-14 11:26:59.639 INFO  — 
┌─────────────────────────────────────────────────
│ [ACQUIRING] RECEIVED — 0810 Sign-on Response
├─────────────────────────────────────────────────
│ MTI                   : 0810
│ DE007 Date/Time       : 0614112659
│ DE011 STAN            : 524823
│ DE039 Response Code   : 00
│ DE070 Network Code    : 301
├─────────────────────────────────────────────────
│ HEX : 303831303832323030303030303230303030303030343030303030303030303030303030303631343131323635393532343832333030333031
└─────────────────────────────────────────────────
2026-06-14 11:26:59.639 INFO  — [ACQUIRING] Sign-on — DE39=00 success=true
2026-06-14 11:26:59.639 INFO  — [ACQUIRING] Sign-on OK — session established
2026-06-14 11:26:59.640 INFO  — [ACQUIRING] Heartbeat started — interval 60s
2026-06-14 11:27:59.731 INFO  — 
┌─────────────────────────────────────────────────
│ [ACQUIRING] SENT — 0800 Echo Test
├─────────────────────────────────────────────────
│ MTI                   : 0800
│ DE007 Date/Time       : 0614112759
│ DE011 STAN            : 705374
│ DE070 Network Code    : 302
├─────────────────────────────────────────────────
│ HEX : 30383030383232303030303030303030303030303034303030303030303030303030303030363134313132373539373035333734333032
└─────────────────────────────────────────────────
2026-06-14 11:27:59.804 INFO  — 
┌─────────────────────────────────────────────────
│ [ACQUIRING] RECEIVED — 0810 Echo Response
├─────────────────────────────────────────────────
│ MTI                   : 0810
│ DE007 Date/Time       : 0614112759
│ DE011 STAN            : 705374
│ DE039 Response Code   : 00
│ DE070 Network Code    : 302
├─────────────────────────────────────────────────
│ HEX : 303831303832323030303030303230303030303030343030303030303030303030303030303631343131323735393730353337343030333032
└─────────────────────────────────────────────────
2026-06-14 11:27:59.805 INFO  — [ACQUIRING] Echo — DE39=00 success=true
2026-06-14 11:28:59.640 INFO  — 
┌─────────────────────────────────────────────────
│ [ACQUIRING] SENT — 0800 Echo Test
├─────────────────────────────────────────────────
│ MTI                   : 0800
│ DE007 Date/Time       : 0614112859
│ DE011 STAN            : 267257
│ DE070 Network Code    : 302
├─────────────────────────────────────────────────
│ HEX : 30383030383232303030303030303030303030303034303030303030303030303030303030363134313132383539323637323537333032
└─────────────────────────────────────────────────
2026-06-14 11:28:59.654 INFO  — 
┌─────────────────────────────────────────────────
│ [ACQUIRING] RECEIVED — 0810 Echo Response
├─────────────────────────────────────────────────
│ MTI                   : 0810
│ DE007 Date/Time       : 0614112859
│ DE011 STAN            : 267257
│ DE039 Response Code   : 00
│ DE070 Network Code    : 302
├─────────────────────────────────────────────────
│ HEX : 303831303832323030303030303230303030303030343030303030303030303030303030303631343131323835393236373235373030333032
└─────────────────────────────────────────────────
2026-06-14 11:28:59.656 INFO  — [ACQUIRING] Echo — DE39=00 success=true
2026-06-14 11:29:59.638 INFO  — 
┌─────────────────────────────────────────────────
│ [ACQUIRING] SENT — 0800 Echo Test
├─────────────────────────────────────────────────
│ MTI                   : 0800
│ DE007 Date/Time       : 0614112959
│ DE011 STAN            : 130335
│ DE070 Network Code    : 302
├─────────────────────────────────────────────────
│ HEX : 30383030383232303030303030303030303030303034303030303030303030303030303030363134313132393539313330333335333032
└─────────────────────────────────────────────────
2026-06-14 11:29:59.667 INFO  — 
┌─────────────────────────────────────────────────
│ [ACQUIRING] RECEIVED — 0810 Echo Response
├─────────────────────────────────────────────────
│ MTI                   : 0810
│ DE007 Date/Time       : 0614112959
│ DE011 STAN            : 130335
│ DE039 Response Code   : 00
│ DE070 Network Code    : 302
├─────────────────────────────────────────────────
│ HEX : 303831303832323030303030303230303030303030343030303030303030303030303030303631343131323935393133303333353030333032
└─────────────────────────────────────────────────
2026-06-14 11:29:59.668 INFO  — [ACQUIRING] Echo — DE39=00 success=true
2026-06-14 11:30:59.632 INFO  — 
┌─────────────────────────────────────────────────
│ [ACQUIRING] SENT — 0800 Echo Test
├─────────────────────────────────────────────────
│ MTI                   : 0800
│ DE007 Date/Time       : 0614113059
│ DE011 STAN            : 490503
│ DE070 Network Code    : 302
├─────────────────────────────────────────────────
│ HEX : 30383030383232303030303030303030303030303034303030303030303030303030303030363134313133303539343930353033333032
└─────────────────────────────────────────────────
2026-06-14 11:30:59.636 INFO  — 
┌─────────────────────────────────────────────────
│ [ACQUIRING] RECEIVED — 0810 Echo Response
├─────────────────────────────────────────────────
│ MTI                   : 0810
│ DE007 Date/Time       : 0614113059
│ DE011 STAN            : 490503
│ DE039 Response Code   : 00
│ DE070 Network Code    : 302
├─────────────────────────────────────────────────
│ HEX : 303831303832323030303030303230303030303030343030303030303030303030303030303631343131333035393439303530333030333032
└─────────────────────────────────────────────────
2026-06-14 11:30:59.637 INFO  — [ACQUIRING] Echo — DE39=00 success=true
2026-06-14 11:31:59.626 INFO  — 
┌─────────────────────────────────────────────────
│ [ACQUIRING] SENT — 0800 Echo Test
├─────────────────────────────────────────────────
│ MTI                   : 0800
│ DE007 Date/Time       : 0614113159
│ DE011 STAN            : 347572
│ DE070 Network Code    : 302
├─────────────────────────────────────────────────
│ HEX : 30383030383232303030303030303030303030303034303030303030303030303030303030363134313133313539333437353732333032
└─────────────────────────────────────────────────
2026-06-14 11:31:59.633 INFO  — 
┌─────────────────────────────────────────────────
│ [ACQUIRING] RECEIVED — 0810 Echo Response
├─────────────────────────────────────────────────
│ MTI                   : 0810
│ DE007 Date/Time       : 0614113159
│ DE011 STAN            : 347572
│ DE039 Response Code   : 00
│ DE070 Network Code    : 302
├─────────────────────────────────────────────────
│ HEX : 303831303832323030303030303230303030303030343030303030303030303030303030303631343131333135393334373537323030333032
└─────────────────────────────────────────────────
2026-06-14 11:31:59.634 INFO  — [ACQUIRING] Echo — DE39=00 success=true
2026-06-14 11:32:59.631 INFO  — 
┌─────────────────────────────────────────────────
│ [ACQUIRING] SENT — 0800 Echo Test
├─────────────────────────────────────────────────
│ MTI                   : 0800
│ DE007 Date/Time       : 0614113259
│ DE011 STAN            : 164402
│ DE070 Network Code    : 302
├─────────────────────────────────────────────────
│ HEX : 30383030383232303030303030303030303030303034303030303030303030303030303030363134313133323539313634343032333032
└─────────────────────────────────────────────────
2026-06-14 11:32:59.643 INFO  — 
┌─────────────────────────────────────────────────
│ [ACQUIRING] RECEIVED — 0810 Echo Response
├─────────────────────────────────────────────────
│ MTI                   : 0810
│ DE007 Date/Time       : 0614113259
│ DE011 STAN            : 164402
│ DE039 Response Code   : 00
│ DE070 Network Code    : 302
├─────────────────────────────────────────────────
│ HEX : 303831303832323030303030303230303030303030343030303030303030303030303030303631343131333235393136343430323030333032
└─────────────────────────────────────────────────
2026-06-14 11:32:59.644 INFO  — [ACQUIRING] Echo — DE39=00 success=true
2026-06-14 11:33:59.624 INFO  — 
┌─────────────────────────────────────────────────
│ [ACQUIRING] SENT — 0800 Echo Test
├─────────────────────────────────────────────────
│ MTI                   : 0800
│ DE007 Date/Time       : 0614113359
│ DE011 STAN            : 364487
│ DE070 Network Code    : 302
├─────────────────────────────────────────────────
│ HEX : 30383030383232303030303030303030303030303034303030303030303030303030303030363134313133333539333634343837333032
└─────────────────────────────────────────────────
2026-06-14 11:33:59.640 INFO  — 
┌─────────────────────────────────────────────────
│ [ACQUIRING] RECEIVED — 0810 Echo Response
├─────────────────────────────────────────────────
│ MTI                   : 0810
│ DE007 Date/Time       : 0614113359
│ DE011 STAN            : 364487
│ DE039 Response Code   : 00
│ DE070 Network Code    : 302
├─────────────────────────────────────────────────
│ HEX : 303831303832323030303030303230303030303030343030303030303030303030303030303631343131333335393336343438373030333032
└─────────────────────────────────────────────────
2026-06-14 11:33:59.641 INFO  — [ACQUIRING] Echo — DE39=00 success=true
2026-06-14 11:34:59.621 INFO  — 
┌─────────────────────────────────────────────────
│ [ACQUIRING] SENT — 0800 Echo Test
├─────────────────────────────────────────────────
│ MTI                   : 0800
│ DE007 Date/Time       : 0614113459
│ DE011 STAN            : 816703
│ DE070 Network Code    : 302
├─────────────────────────────────────────────────
│ HEX : 30383030383232303030303030303030303030303034303030303030303030303030303030363134313133343539383136373033333032
└─────────────────────────────────────────────────
2026-06-14 11:34:59.631 INFO  — 
┌─────────────────────────────────────────────────
│ [ACQUIRING] RECEIVED — 0810 Echo Response
├─────────────────────────────────────────────────
│ MTI                   : 0810
│ DE007 Date/Time       : 0614113459
│ DE011 STAN            : 816703
│ DE039 Response Code   : 00
│ DE070 Network Code    : 302
├─────────────────────────────────────────────────
│ HEX : 303831303832323030303030303230303030303030343030303030303030303030303030303631343131333435393831363730333030333032
└─────────────────────────────────────────────────
2026-06-14 11:34:59.632 INFO  — [ACQUIRING] Echo — DE39=00 success=true
2026-06-14 11:35:45.978 INFO  — [ACQUIRING] Network manager stopped
2026-06-14 11:36:04.858 INFO  — [ACQUIRING] Step 1 — Key Exchange...
2026-06-14 11:36:04.859 INFO  — [ACQUIRING] Starting Key Exchange — ZMK{{KEK}} + ZPK{{ZMK}} + ZAK{{ZMK}}
2026-06-14 11:36:04.859 INFO  — [ACQUIRING] Step 1/3 — ZMK{{KEK}}...
2026-06-14 11:36:04.881 INFO  — 
┌─────────────────────────────────────────────────
│ [ACQUIRING] SENT — 0820 Key-Exchange ZMK{KEK}
├─────────────────────────────────────────────────
│ MTI                   : 0820
│ DE007 Date/Time       : 0614113604
│ DE011 STAN            : 833963
│ DE053 Security Info   : 0096FD25551A...
│ DE070 Network Code    : 101
│ KCV                   : 0096FD
├─────────────────────────────────────────────────
│ HEX : 303832303832323030303030303030303038303030343030303030303030303030303030303631343131333630343833333936333033383030393646443235353531413233433633303442313136303844344442373734374335423833313031
└─────────────────────────────────────────────────
2026-06-14 11:36:04.886 INFO  — 
┌─────────────────────────────────────────────────
│ [ACQUIRING] RECEIVED — 0830 Key-Exchange Response ZMK{KEK}
├─────────────────────────────────────────────────
│ MTI                   : 0830
│ DE007 Date/Time       : 0614113604
│ DE011 STAN            : 833963
│ DE039 Response Code   : 00
│ DE070 Network Code    : 101
├─────────────────────────────────────────────────
│ HEX : 303833303832323030303030303230303030303030343030303030303030303030303030303631343131333630343833333936333030313031
└─────────────────────────────────────────────────
2026-06-14 11:36:04.886 INFO  — [ACQUIRING] Key-Exchange ZMK{KEK} — DE39=00 success=true
2026-06-14 11:36:04.887 INFO  — [ACQUIRING] ZMK accepted — KCV=0096FD
2026-06-14 11:36:04.887 INFO  — [ACQUIRING] Step 2/3 — ZPK{{ZMK}}...
2026-06-14 11:36:04.890 INFO  — 
┌─────────────────────────────────────────────────
│ [ACQUIRING] SENT — 0820 Key-Exchange ZPK{ZMK}
├─────────────────────────────────────────────────
│ MTI                   : 0820
│ DE007 Date/Time       : 0614113604
│ DE011 STAN            : 121571
│ DE053 Security Info   : 9C80D59B665F...
│ DE070 Network Code    : 102
│ KCV                   : 9C80D5
├─────────────────────────────────────────────────
│ HEX : 303832303832323030303030303030303038303030343030303030303030303030303030303631343131333630343132313537313033383943383044353942363635463232414538354531373843433333394431424530354645444536313032
└─────────────────────────────────────────────────
2026-06-14 11:36:04.897 INFO  — 
┌─────────────────────────────────────────────────
│ [ACQUIRING] RECEIVED — 0830 Key-Exchange Response ZPK{ZMK}
├─────────────────────────────────────────────────
│ MTI                   : 0830
│ DE007 Date/Time       : 0614113604
│ DE011 STAN            : 121571
│ DE039 Response Code   : 00
│ DE070 Network Code    : 102
├─────────────────────────────────────────────────
│ HEX : 303833303832323030303030303230303030303030343030303030303030303030303030303631343131333630343132313537313030313032
└─────────────────────────────────────────────────
2026-06-14 11:36:04.897 INFO  — [ACQUIRING] Key-Exchange ZPK{ZMK} — DE39=00 success=true
2026-06-14 11:36:04.897 INFO  — [ACQUIRING] ZPK accepted — KCV=9C80D5
2026-06-14 11:36:04.897 INFO  — [ACQUIRING] Step 3/3 — ZAK{{ZMK}}...
2026-06-14 11:36:04.899 INFO  — 
┌─────────────────────────────────────────────────
│ [ACQUIRING] SENT — 0820 Key-Exchange ZAK{ZMK}
├─────────────────────────────────────────────────
│ MTI                   : 0820
│ DE007 Date/Time       : 0614113604
│ DE011 STAN            : 998540
│ DE053 Security Info   : 75EF3788CB6C...
│ DE070 Network Code    : 103
│ KCV                   : 75EF37
├─────────────────────────────────────────────────
│ HEX : 303832303832323030303030303030303038303030343030303030303030303030303030303631343131333630343939383534303033383735454633373838434236433032464138434339313636383131444246383536363542363439313033
└─────────────────────────────────────────────────
2026-06-14 11:36:04.903 INFO  — 
┌─────────────────────────────────────────────────
│ [ACQUIRING] RECEIVED — 0830 Key-Exchange Response ZAK{ZMK}
├─────────────────────────────────────────────────
│ MTI                   : 0830
│ DE007 Date/Time       : 0614113604
│ DE011 STAN            : 998540
│ DE039 Response Code   : 00
│ DE070 Network Code    : 103
├─────────────────────────────────────────────────
│ HEX : 303833303832323030303030303230303030303030343030303030303030303030303030303631343131333630343939383534303030313033
└─────────────────────────────────────────────────
2026-06-14 11:36:04.903 INFO  — [ACQUIRING] Key-Exchange ZAK{ZMK} — DE39=00 success=true
2026-06-14 11:36:04.903 INFO  — [ACQUIRING] ZAK accepted — KCV=75EF37
2026-06-14 11:36:04.904 INFO  — [ACQUIRING] Key Exchange completed — ZMK=0096FD ZPK=9C80D5 ZAK=75EF37
2026-06-14 11:36:04.906 INFO  — [ACQUIRING] Key Exchange OK — ZMK=0096FD ZPK=9C80D5 ZAK=75EF37
2026-06-14 11:36:04.906 INFO  — [ACQUIRING] Step 2 — Sign-on...
2026-06-14 11:36:04.907 INFO  — 
┌─────────────────────────────────────────────────
│ [ACQUIRING] SENT — 0800 Sign-on
├─────────────────────────────────────────────────
│ MTI                   : 0800
│ DE007 Date/Time       : 0614113604
│ DE011 STAN            : 689620
│ DE070 Network Code    : 301
├─────────────────────────────────────────────────
│ HEX : 30383030383232303030303030303030303030303034303030303030303030303030303030363134313133363034363839363230333031
└─────────────────────────────────────────────────
2026-06-14 11:36:04.910 INFO  — 
┌─────────────────────────────────────────────────
│ [ACQUIRING] RECEIVED — 0810 Sign-on Response
├─────────────────────────────────────────────────
│ MTI                   : 0810
│ DE007 Date/Time       : 0614113604
│ DE011 STAN            : 689620
│ DE039 Response Code   : 00
│ DE070 Network Code    : 301
├─────────────────────────────────────────────────
│ HEX : 303831303832323030303030303230303030303030343030303030303030303030303030303631343131333630343638393632303030333031
└─────────────────────────────────────────────────
2026-06-14 11:36:04.910 INFO  — [ACQUIRING] Sign-on — DE39=00 success=true
2026-06-14 11:36:04.910 INFO  — [ACQUIRING] Sign-on OK — session established
2026-06-14 11:36:04.911 INFO  — [ACQUIRING] Heartbeat started — interval 60s
2026-06-14 11:37:04.944 INFO  — 
┌─────────────────────────────────────────────────
│ [ACQUIRING] SENT — 0800 Echo Test
├─────────────────────────────────────────────────
│ MTI                   : 0800
│ DE007 Date/Time       : 0614113704
│ DE011 STAN            : 528086
│ DE070 Network Code    : 302
├─────────────────────────────────────────────────
│ HEX : 30383030383232303030303030303030303030303034303030303030303030303030303030363134313133373034353238303836333032
└─────────────────────────────────────────────────
2026-06-14 11:37:04.980 INFO  — 
┌─────────────────────────────────────────────────
│ [ACQUIRING] RECEIVED — 0810 Echo Response
├─────────────────────────────────────────────────
│ MTI                   : 0810
│ DE007 Date/Time       : 0614113704
│ DE011 STAN            : 528086
│ DE039 Response Code   : 00
│ DE070 Network Code    : 302
├─────────────────────────────────────────────────
│ HEX : 303831303832323030303030303230303030303030343030303030303030303030303030303631343131333730343532383038363030333032
└─────────────────────────────────────────────────
2026-06-14 11:37:04.981 INFO  — [ACQUIRING] Echo — DE39=00 success=true
2026-06-14 11:38:04.909 INFO  — 
┌─────────────────────────────────────────────────
│ [ACQUIRING] SENT — 0800 Echo Test
├─────────────────────────────────────────────────
│ MTI                   : 0800
│ DE007 Date/Time       : 0614113804
│ DE011 STAN            : 694459
│ DE070 Network Code    : 302
├─────────────────────────────────────────────────
│ HEX : 30383030383232303030303030303030303030303034303030303030303030303030303030363134313133383034363934343539333032
└─────────────────────────────────────────────────
2026-06-14 11:38:04.922 INFO  — 
┌─────────────────────────────────────────────────
│ [ACQUIRING] RECEIVED — 0810 Echo Response
├─────────────────────────────────────────────────
│ MTI                   : 0810
│ DE007 Date/Time       : 0614113804
│ DE011 STAN            : 694459
│ DE039 Response Code   : 00
│ DE070 Network Code    : 302
├─────────────────────────────────────────────────
│ HEX : 303831303832323030303030303230303030303030343030303030303030303030303030303631343131333830343639343435393030333032
└─────────────────────────────────────────────────
2026-06-14 11:38:04.922 INFO  — [ACQUIRING] Echo — DE39=00 success=true
2026-06-14 11:39:04.906 INFO  — 
┌─────────────────────────────────────────────────
│ [ACQUIRING] SENT — 0800 Echo Test
├─────────────────────────────────────────────────
│ MTI                   : 0800
│ DE007 Date/Time       : 0614113904
│ DE011 STAN            : 500038
│ DE070 Network Code    : 302
├─────────────────────────────────────────────────
│ HEX : 30383030383232303030303030303030303030303034303030303030303030303030303030363134313133393034353030303338333032
└─────────────────────────────────────────────────
2026-06-14 11:39:04.910 INFO  — 
┌─────────────────────────────────────────────────
│ [ACQUIRING] RECEIVED — 0810 Echo Response
├─────────────────────────────────────────────────
│ MTI                   : 0810
│ DE007 Date/Time       : 0614113904
│ DE011 STAN            : 500038
│ DE039 Response Code   : 00
│ DE070 Network Code    : 302
├─────────────────────────────────────────────────
│ HEX : 303831303832323030303030303230303030303030343030303030303030303030303030303631343131333930343530303033383030333032
└─────────────────────────────────────────────────
2026-06-14 11:39:04.910 INFO  — [ACQUIRING] Echo — DE39=00 success=true
2026-06-14 11:40:04.907 INFO  — 
┌─────────────────────────────────────────────────
│ [ACQUIRING] SENT — 0800 Echo Test
├─────────────────────────────────────────────────
│ MTI                   : 0800
│ DE007 Date/Time       : 0614114004
│ DE011 STAN            : 204809
│ DE070 Network Code    : 302
├─────────────────────────────────────────────────
│ HEX : 30383030383232303030303030303030303030303034303030303030303030303030303030363134313134303034323034383039333032
└─────────────────────────────────────────────────
2026-06-14 11:40:04.918 INFO  — 
┌─────────────────────────────────────────────────
│ [ACQUIRING] RECEIVED — 0810 Echo Response
├─────────────────────────────────────────────────
│ MTI                   : 0810
│ DE007 Date/Time       : 0614114004
│ DE011 STAN            : 204809
│ DE039 Response Code   : 00
│ DE070 Network Code    : 302
├─────────────────────────────────────────────────
│ HEX : 303831303832323030303030303230303030303030343030303030303030303030303030303631343131343030343230343830393030333032
└─────────────────────────────────────────────────
2026-06-14 11:40:04.919 INFO  — [ACQUIRING] Echo — DE39=00 success=true
